20:54:24:237  INFO 2184 --- [main] com.hmall.pay.PayApplication             : Starting PayApplication using Java 17.0.19 on Perth with PID 2184 (D:\Major\Projects\SpringCloud_hm\hmall\pay-service\target\classes started by 29648 in D:\Major\Projects\SpringCloud_hm\hmall)
20:54:24:239 DEBUG 2184 --- [main] com.hmall.pay.PayApplication             : Running with Spring Boot v2.7.12, Spring v5.3.27
20:54:24:239  INFO 2184 --- [main] com.hmall.pay.PayApplication             : The following 1 profile is active: "dev"
20:54:24:725 ERROR 2184 --- [main] o.s.boot.SpringApplication               : Application run failed

java.lang.IllegalStateException: Either 'name' or 'value' must be provided in @FeignClient
	at org.springframework.cloud.openfeign.FeignClientsRegistrar.getClientName(FeignClientsRegistrar.java:406) ~[spring-cloud-openfeign-core-3.1.3.jar:3.1.3]
	at org.springframework.cloud.openfeign.FeignClientsRegistrar.registerFeignClients(FeignClientsRegistrar.java:199) ~[spring-cloud-openfeign-core-3.1.3.jar:3.1.3]
	at org.springframework.cloud.openfeign.FeignClientsRegistrar.registerBeanDefinitions(FeignClientsRegistrar.java:151) ~[spring-cloud-openfeign-core-3.1.3.jar:3.1.3]
	at org.springframework.context.annotation.ImportBeanDefinitionRegistrar.registerBeanDefinitions(ImportBeanDefinitionRegistrar.java:86) ~[spring-context-5.3.27.jar:5.3.27]
	at org.springframework.context.annotation.ConfigurationClassBeanDefinitionReader.lambda$loadBeanDefinitionsFromRegistrars$1(ConfigurationClassBeanDefinitionReader.java:396) ~[spring-context-5.3.27.jar:5.3.27]
	at java.base/java.util.LinkedHashMap.forEach(LinkedHashMap.java:721) ~[na:na]
	at org.springframework.context.annotation.ConfigurationClassBeanDefinitionReader.loadBeanDefinitionsFromRegistrars(ConfigurationClassBeanDefinitionReader.java:395) ~[spring-context-5.3.27.jar:5.3.27]
	at org.springframework.context.annotation.ConfigurationClassBeanDefinitionReader.loadBeanDefinitionsForConfigurationClass(ConfigurationClassBeanDefinitionReader.java:157) ~[spring-context-5.3.27.jar:5.3.27]
	at org.springframework.context.annotation.ConfigurationClassBeanDefinitionReader.loadBeanDefinitions(ConfigurationClassBeanDefinitionReader.java:129) ~[spring-context-5.3.27.jar:5.3.27]
	at org.springframework.context.annotation.ConfigurationClassPostProcessor.processConfigBeanDefinitions(ConfigurationClassPostProcessor.java:343) ~[spring-context-5.3.27.jar:5.3.27]
	at org.springframework.context.annotation.ConfigurationClassPostProcessor.postProcessBeanDefinitionRegistry(ConfigurationClassPostProcessor.java:247) ~[spring-context-5.3.27.jar:5.3.27]
	at org.springframework.context.support.PostProcessorRegistrationDelegate.invokeBeanDefinitionRegistryPostProcessors(PostProcessorRegistrationDelegate.java:311) ~[spring-context-5.3.27.jar:5.3.27]
	at org.springframework.context.support.PostProcessorRegistrationDelegate.invokeBeanFactoryPostProcessors(PostProcessorRegistrationDelegate.java:112) ~[spring-context-5.3.27.jar:5.3.27]
	at org.springframework.context.support.AbstractApplicationContext.invokeBeanFactoryPostProcessors(AbstractApplicationContext.java:748) ~[spring-context-5.3.27.jar:5.3.27]
	at org.springframework.context.support.AbstractApplicationContext.refresh(AbstractApplicationContext.java:564) ~[spring-context-5.3.27.jar:5.3.27]
	at org.springframework.boot.web.servlet.context.ServletWebServerApplicationContext.refresh(ServletWebServerApplicationContext.java:147) ~[spring-boot-2.7.12.jar:2.7.12]
	at org.springframework.boot.SpringApplication.refresh(SpringApplication.java:731) ~[spring-boot-2.7.12.jar:2.7.12]
	at org.springframework.boot.SpringApplication.refreshContext(SpringApplication.java:408) ~[spring-boot-2.7.12.jar:2.7.12]
	at org.springframework.boot.SpringApplication.run(SpringApplication.java:307) ~[spring-boot-2.7.12.jar:2.7.12]
	at org.springframework.boot.SpringApplication.run(SpringApplication.java:1303) ~[spring-boot-2.7.12.jar:2.7.12]
	at org.springframework.boot.SpringApplication.run(SpringApplication.java:1292) ~[spring-boot-2.7.12.jar:2.7.12]
	at com.hmall.pay.PayApplication.main(PayApplication.java:13) ~[classes/:na]

21:05:18:072  INFO 28820 --- [main] com.hmall.pay.PayApplication             : Starting PayApplication using Java 17.0.19 on Perth with PID 28820 (D:\Major\Projects\SpringCloud_hm\hmall\pay-service\target\classes started by 29648 in D:\Major\Projects\SpringCloud_hm\hmall)
21:05:18:075 DEBUG 28820 --- [main] com.hmall.pay.PayApplication             : Running with Spring Boot v2.7.12, Spring v5.3.27
21:05:18:075  INFO 28820 --- [main] com.hmall.pay.PayApplication             : The following 1 profile is active: "dev"
21:05:18:510 ERROR 28820 --- [main] o.s.boot.SpringApplication               : Application run failed

java.lang.IllegalStateException: Either 'name' or 'value' must be provided in @FeignClient
	at org.springframework.cloud.openfeign.FeignClientsRegistrar.getClientName(FeignClientsRegistrar.java:406) ~[spring-cloud-openfeign-core-3.1.3.jar:3.1.3]
	at org.springframework.cloud.openfeign.FeignClientsRegistrar.registerFeignClients(FeignClientsRegistrar.java:199) ~[spring-cloud-openfeign-core-3.1.3.jar:3.1.3]
	at org.springframework.cloud.openfeign.FeignClientsRegistrar.registerBeanDefinitions(FeignClientsRegistrar.java:151) ~[spring-cloud-openfeign-core-3.1.3.jar:3.1.3]
	at org.springframework.context.annotation.ImportBeanDefinitionRegistrar.registerBeanDefinitions(ImportBeanDefinitionRegistrar.java:86) ~[spring-context-5.3.27.jar:5.3.27]
	at org.springframework.context.annotation.ConfigurationClassBeanDefinitionReader.lambda$loadBeanDefinitionsFromRegistrars$1(ConfigurationClassBeanDefinitionReader.java:396) ~[spring-context-5.3.27.jar:5.3.27]
	at java.base/java.util.LinkedHashMap.forEach(LinkedHashMap.java:721) ~[na:na]
	at org.springframework.context.annotation.ConfigurationClassBeanDefinitionReader.loadBeanDefinitionsFromRegistrars(ConfigurationClassBeanDefinitionReader.java:395) ~[spring-context-5.3.27.jar:5.3.27]
	at org.springframework.context.annotation.ConfigurationClassBeanDefinitionReader.loadBeanDefinitionsForConfigurationClass(ConfigurationClassBeanDefinitionReader.java:157) ~[spring-context-5.3.27.jar:5.3.27]
	at org.springframework.context.annotation.ConfigurationClassBeanDefinitionReader.loadBeanDefinitions(ConfigurationClassBeanDefinitionReader.java:129) ~[spring-context-5.3.27.jar:5.3.27]
	at org.springframework.context.annotation.ConfigurationClassPostProcessor.processConfigBeanDefinitions(ConfigurationClassPostProcessor.java:343) ~[spring-context-5.3.27.jar:5.3.27]
	at org.springframework.context.annotation.ConfigurationClassPostProcessor.postProcessBeanDefinitionRegistry(ConfigurationClassPostProcessor.java:247) ~[spring-context-5.3.27.jar:5.3.27]
	at org.springframework.context.support.PostProcessorRegistrationDelegate.invokeBeanDefinitionRegistryPostProcessors(PostProcessorRegistrationDelegate.java:311) ~[spring-context-5.3.27.jar:5.3.27]
	at org.springframework.context.support.PostProcessorRegistrationDelegate.invokeBeanFactoryPostProcessors(PostProcessorRegistrationDelegate.java:112) ~[spring-context-5.3.27.jar:5.3.27]
	at org.springframework.context.support.AbstractApplicationContext.invokeBeanFactoryPostProcessors(AbstractApplicationContext.java:748) ~[spring-context-5.3.27.jar:5.3.27]
	at org.springframework.context.support.AbstractApplicationContext.refresh(AbstractApplicationContext.java:564) ~[spring-context-5.3.27.jar:5.3.27]
	at org.springframework.boot.web.servlet.context.ServletWebServerApplicationContext.refresh(ServletWebServerApplicationContext.java:147) ~[spring-boot-2.7.12.jar:2.7.12]
	at org.springframework.boot.SpringApplication.refresh(SpringApplication.java:731) ~[spring-boot-2.7.12.jar:2.7.12]
	at org.springframework.boot.SpringApplication.refreshContext(SpringApplication.java:408) ~[spring-boot-2.7.12.jar:2.7.12]
	at org.springframework.boot.SpringApplication.run(SpringApplication.java:307) ~[spring-boot-2.7.12.jar:2.7.12]
	at org.springframework.boot.SpringApplication.run(SpringApplication.java:1303) ~[spring-boot-2.7.12.jar:2.7.12]
	at org.springframework.boot.SpringApplication.run(SpringApplication.java:1292) ~[spring-boot-2.7.12.jar:2.7.12]
	at com.hmall.pay.PayApplication.main(PayApplication.java:13) ~[classes/:na]

21:06:08:734  INFO 25656 --- [main] com.hmall.pay.PayApplication             : Starting PayApplication using Java 17.0.19 on Perth with PID 25656 (D:\Major\Projects\SpringCloud_hm\hmall\pay-service\target\classes started by 29648 in D:\Major\Projects\SpringCloud_hm\hmall)
21:06:08:736 DEBUG 25656 --- [main] com.hmall.pay.PayApplication             : Running with Spring Boot v2.7.12, Spring v5.3.27
21:06:08:736  INFO 25656 --- [main] com.hmall.pay.PayApplication             : The following 1 profile is active: "local"
21:06:09:153 ERROR 25656 --- [main] o.s.boot.SpringApplication               : Application run failed

java.lang.IllegalStateException: Either 'name' or 'value' must be provided in @FeignClient
	at org.springframework.cloud.openfeign.FeignClientsRegistrar.getClientName(FeignClientsRegistrar.java:406) ~[spring-cloud-openfeign-core-3.1.3.jar:3.1.3]
	at org.springframework.cloud.openfeign.FeignClientsRegistrar.registerFeignClients(FeignClientsRegistrar.java:199) ~[spring-cloud-openfeign-core-3.1.3.jar:3.1.3]
	at org.springframework.cloud.openfeign.FeignClientsRegistrar.registerBeanDefinitions(FeignClientsRegistrar.java:151) ~[spring-cloud-openfeign-core-3.1.3.jar:3.1.3]
	at org.springframework.context.annotation.ImportBeanDefinitionRegistrar.registerBeanDefinitions(ImportBeanDefinitionRegistrar.java:86) ~[spring-context-5.3.27.jar:5.3.27]
	at org.springframework.context.annotation.ConfigurationClassBeanDefinitionReader.lambda$loadBeanDefinitionsFromRegistrars$1(ConfigurationClassBeanDefinitionReader.java:396) ~[spring-context-5.3.27.jar:5.3.27]
	at java.base/java.util.LinkedHashMap.forEach(LinkedHashMap.java:721) ~[na:na]
	at org.springframework.context.annotation.ConfigurationClassBeanDefinitionReader.loadBeanDefinitionsFromRegistrars(ConfigurationClassBeanDefinitionReader.java:395) ~[spring-context-5.3.27.jar:5.3.27]
	at org.springframework.context.annotation.ConfigurationClassBeanDefinitionReader.loadBeanDefinitionsForConfigurationClass(ConfigurationClassBeanDefinitionReader.java:157) ~[spring-context-5.3.27.jar:5.3.27]
	at org.springframework.context.annotation.ConfigurationClassBeanDefinitionReader.loadBeanDefinitions(ConfigurationClassBeanDefinitionReader.java:129) ~[spring-context-5.3.27.jar:5.3.27]
	at org.springframework.context.annotation.ConfigurationClassPostProcessor.processConfigBeanDefinitions(ConfigurationClassPostProcessor.java:343) ~[spring-context-5.3.27.jar:5.3.27]
	at org.springframework.context.annotation.ConfigurationClassPostProcessor.postProcessBeanDefinitionRegistry(ConfigurationClassPostProcessor.java:247) ~[spring-context-5.3.27.jar:5.3.27]
	at org.springframework.context.support.PostProcessorRegistrationDelegate.invokeBeanDefinitionRegistryPostProcessors(PostProcessorRegistrationDelegate.java:311) ~[spring-context-5.3.27.jar:5.3.27]
	at org.springframework.context.support.PostProcessorRegistrationDelegate.invokeBeanFactoryPostProcessors(PostProcessorRegistrationDelegate.java:112) ~[spring-context-5.3.27.jar:5.3.27]
	at org.springframework.context.support.AbstractApplicationContext.invokeBeanFactoryPostProcessors(AbstractApplicationContext.java:748) ~[spring-context-5.3.27.jar:5.3.27]
	at org.springframework.context.support.AbstractApplicationContext.refresh(AbstractApplicationContext.java:564) ~[spring-context-5.3.27.jar:5.3.27]
	at org.springframework.boot.web.servlet.context.ServletWebServerApplicationContext.refresh(ServletWebServerApplicationContext.java:147) ~[spring-boot-2.7.12.jar:2.7.12]
	at org.springframework.boot.SpringApplication.refresh(SpringApplication.java:731) ~[spring-boot-2.7.12.jar:2.7.12]
	at org.springframework.boot.SpringApplication.refreshContext(SpringApplication.java:408) ~[spring-boot-2.7.12.jar:2.7.12]
	at org.springframework.boot.SpringApplication.run(SpringApplication.java:307) ~[spring-boot-2.7.12.jar:2.7.12]
	at org.springframework.boot.SpringApplication.run(SpringApplication.java:1303) ~[spring-boot-2.7.12.jar:2.7.12]
	at org.springframework.boot.SpringApplication.run(SpringApplication.java:1292) ~[spring-boot-2.7.12.jar:2.7.12]
	at com.hmall.pay.PayApplication.main(PayApplication.java:13) ~[classes/:na]

21:07:20:146  INFO 31368 --- [main] com.hmall.pay.PayApplication             : Starting PayApplication using Java 17.0.19 on Perth with PID 31368 (D:\Major\Projects\SpringCloud_hm\hmall\pay-service\target\classes started by 29648 in D:\Major\Projects\SpringCloud_hm\hmall)
21:07:20:148 DEBUG 31368 --- [main] com.hmall.pay.PayApplication             : Running with Spring Boot v2.7.12, Spring v5.3.27
21:07:20:148  INFO 31368 --- [main] com.hmall.pay.PayApplication             : The following 1 profile is active: "local"
21:07:20:761  INFO 31368 --- [main] o.s.cloud.context.scope.GenericScope     : BeanFactory id=bc899583-0882-38ee-ac63-38816b69072d
21:07:21:034  INFO 31368 --- [main] o.s.b.w.embedded.tomcat.TomcatWebServer  : Tomcat initialized with port(s): 8086 (http)
21:07:21:042  INFO 31368 --- [main] o.apache.catalina.core.StandardService   : Starting service [Tomcat]
21:07:21:042  INFO 31368 --- [main] org.apache.catalina.core.StandardEngine  : Starting Servlet engine: [Apache Tomcat/9.0.75]
21:07:21:159  INFO 31368 --- [main] o.a.c.c.C.[Tomcat].[localhost].[/]       : Initializing Spring embedded WebApplicationContext
21:07:21:159  INFO 31368 --- [main] w.s.c.ServletWebServerApplicationContext : Root WebApplicationContext: initialization completed in 978 ms
21:07:21:281  INFO 31368 --- [main] o.s.c.openfeign.FeignClientFactoryBean   : For 'user-service' URL not provided. Will try picking an instance via load-balancing.
21:07:21:309  INFO 31368 --- [main] o.s.c.openfeign.FeignClientFactoryBean   : For 'trade-service' URL not provided. Will try picking an instance via load-balancing.
21:07:21:886  INFO 31368 --- [main] pertySourcedRequestMappingHandlerMapping : Mapped URL path [/v2/api-docs] onto method [springfox.documentation.swagger2.web.Swagger2ControllerWebMvc#getDocumentation(String, HttpServletRequest)]
21:07:22:143  INFO 31368 --- [main] com.alibaba.nacos.common.remote.client   : [RpcClientFactory] create a new rpc client of 1f88d9cd-a7b9-4bb4-a5f0-bd6e9f903887
21:07:22:178  INFO 31368 --- [main] org.reflections.Reflections              : Reflections took 16 ms to scan 1 urls, producing 3 keys and 6 values 
21:07:22:191  INFO 31368 --- [main] org.reflections.Reflections              : Reflections took 5 ms to scan 1 urls, producing 4 keys and 9 values 
21:07:22:199  INFO 31368 --- [main] org.reflections.Reflections              : Reflections took 6 ms to scan 1 urls, producing 3 keys and 10 values 
21:07:22:201  WARN 31368 --- [main] org.reflections.Reflections              : given scan urls are empty. set urls in the configuration
21:07:22:204  INFO 31368 --- [main] org.reflections.Reflections              : Reflections took 3 ms to scan 1 urls, producing 1 keys and 5 values 
21:07:22:209  INFO 31368 --- [main] org.reflections.Reflections              : Reflections took 4 ms to scan 1 urls, producing 1 keys and 7 values 
21:07:22:214  INFO 31368 --- [main] org.reflections.Reflections              : Reflections took 4 ms to scan 1 urls, producing 2 keys and 8 values 
21:07:22:215  WARN 31368 --- [main] org.reflections.Reflections              : given scan urls are empty. set urls in the configuration
21:07:22:215  INFO 31368 --- [main] com.alibaba.nacos.common.remote.client   : [1f88d9cd-a7b9-4bb4-a5f0-bd6e9f903887] RpcClient init label, labels = {module=naming, source=sdk}
21:07:22:217  INFO 31368 --- [main] com.alibaba.nacos.common.remote.client   : [1f88d9cd-a7b9-4bb4-a5f0-bd6e9f903887] RpcClient init, ServerListFactory = com.alibaba.nacos.client.naming.core.ServerListManager
21:07:22:217  INFO 31368 --- [main] com.alibaba.nacos.common.remote.client   : [1f88d9cd-a7b9-4bb4-a5f0-bd6e9f903887] Registry connection listener to current client:com.alibaba.nacos.client.naming.remote.gprc.redo.NamingGrpcRedoService
21:07:22:217  INFO 31368 --- [main] com.alibaba.nacos.common.remote.client   : [1f88d9cd-a7b9-4bb4-a5f0-bd6e9f903887] Register server push request handler:com.alibaba.nacos.client.naming.remote.gprc.NamingPushRequestHandler
21:07:22:218  INFO 31368 --- [main] com.alibaba.nacos.common.remote.client   : [1f88d9cd-a7b9-4bb4-a5f0-bd6e9f903887] Try to connect to server on start up, server: {serverIp = '127.0.0.1', server main port = 8848}
21:07:23:014  INFO 31368 --- [main] com.alibaba.nacos.common.remote.client   : [1f88d9cd-a7b9-4bb4-a5f0-bd6e9f903887] Success to connect to server [127.0.0.1:8848] on start up, connectionId = 1789564042839_172.17.0.1_58672
21:07:23:015  INFO 31368 --- [com.alibaba.nacos.client.remote.worker] com.alibaba.nacos.common.remote.client   : [1f88d9cd-a7b9-4bb4-a5f0-bd6e9f903887] Notify connected event to listeners.
21:07:23:015  INFO 31368 --- [main] com.alibaba.nacos.common.remote.client   : [1f88d9cd-a7b9-4bb4-a5f0-bd6e9f903887] Register server push request handler:com.alibaba.nacos.common.remote.client.RpcClient$ConnectResetRequestHandler
21:07:23:016  INFO 31368 --- [main] com.alibaba.nacos.common.remote.client   : [1f88d9cd-a7b9-4bb4-a5f0-bd6e9f903887] Register server push request handler:com.alibaba.nacos.common.remote.client.RpcClient$$Lambda$990/0x000001eb8577d650
21:07:23:056  INFO 31368 --- [main] o.s.b.w.embedded.tomcat.TomcatWebServer  : Tomcat started on port(s): 8086 (http) with context path ''
21:07:23:069  INFO 31368 --- [main] c.a.c.n.registry.NacosServiceRegistry    : nacos registry, DEFAULT_GROUP pay-service 192.168.1.46:8086 register finished
21:07:23:203  INFO 31368 --- [main] d.s.w.p.DocumentationPluginsBootstrapper : Documentation plugins bootstrapped
21:07:23:205  INFO 31368 --- [main] d.s.w.p.DocumentationPluginsBootstrapper : Found 1 custom documentation plugin(s)
21:07:23:221  INFO 31368 --- [main] s.d.s.w.s.ApiListingReferenceScanner     : Scanning for api listing references
21:07:23:283  INFO 31368 --- [main] com.hmall.pay.PayApplication             : Started PayApplication in 3.621 seconds (JVM running for 4.114)
21:07:23:645  INFO 31368 --- [nacos-grpc-client-executor-9] com.alibaba.nacos.common.remote.client   : [1f88d9cd-a7b9-4bb4-a5f0-bd6e9f903887] Receive server push request, request = NotifySubscriberRequest, requestId = 55
21:07:23:648  INFO 31368 --- [nacos-grpc-client-executor-9] com.alibaba.nacos.common.remote.client   : [1f88d9cd-a7b9-4bb4-a5f0-bd6e9f903887] Ack server push request, request = NotifySubscriberRequest, requestId = 55
21:07:36:190  INFO 31368 --- [http-nio-8086-exec-1] o.a.c.c.C.[Tomcat].[localhost].[/]       : Initializing Spring DispatcherServlet 'dispatcherServlet'
21:07:36:190  INFO 31368 --- [http-nio-8086-exec-1] o.s.web.servlet.DispatcherServlet        : Initializing Servlet 'dispatcherServlet'
21:07:36:192  INFO 31368 --- [http-nio-8086-exec-1] o.s.web.servlet.DispatcherServlet        : Completed initialization in 2 ms
21:07:56:518  INFO 31368 --- [http-nio-8086-exec-1] com.zaxxer.hikari.HikariDataSource       : HikariPool-1 - Starting...
21:07:56:818  INFO 31368 --- [http-nio-8086-exec-1] com.zaxxer.hikari.HikariDataSource       : HikariPool-1 - Start completed.
21:07:56:827 DEBUG 31368 --- [http-nio-8086-exec-1] c.h.p.mapper.PayOrderMapper.selectList   : ==>  Preparing: SELECT id,biz_order_no,pay_order_no,biz_user_id,pay_channel_code,amount,pay_type,status,expand_json,result_code,result_msg,pay_success_time,pay_over_time,qr_code_url,create_time,update_time,creater,updater,is_delete FROM pay_order
21:07:56:864 DEBUG 31368 --- [http-nio-8086-exec-1] c.h.p.mapper.PayOrderMapper.selectList   : ==> Parameters: 
21:07:56:909 DEBUG 31368 --- [http-nio-8086-exec-1] c.h.p.mapper.PayOrderMapper.selectList   : <==      Total: 2
