02:30:53:351  WARN 16236 --- [HikariPool-1 housekeeper] com.zaxxer.hikari.pool.HikariPool        : HikariPool-1 - Thread starvation or clock leap detected (housekeeper delta=3h14m19s837ms558µs800ns).
13:23:12:661  INFO 33736 --- [main] com.hmall.cart.CartApplication           : Starting CartApplication using Java 17.0.19 on Perth with PID 33736 (D:\Major\Projects\SpringCloud_hm\hmall\cart-service\target\classes started by 29648 in D:\Major\Projects\SpringCloud_hm\hmall)
13:23:12:663 DEBUG 33736 --- [main] com.hmall.cart.CartApplication           : Running with Spring Boot v2.7.12, Spring v5.3.27
13:23:12:664  INFO 33736 --- [main] com.hmall.cart.CartApplication           : The following 1 profile is active: "local"
13:23:13:344  INFO 33736 --- [main] o.s.cloud.context.scope.GenericScope     : BeanFactory id=b268b9dd-c5e7-3f68-9fcb-e4b3836978d0
13:23:13:580  INFO 33736 --- [main] o.s.b.w.embedded.tomcat.TomcatWebServer  : Tomcat initialized with port(s): 8082 (http)
13:23:13:587  INFO 33736 --- [main] o.apache.catalina.core.StandardService   : Starting service [Tomcat]
13:23:13:587  INFO 33736 --- [main] org.apache.catalina.core.StandardEngine  : Starting Servlet engine: [Apache Tomcat/9.0.75]
13:23:13:679  INFO 33736 --- [main] o.a.c.c.C.[Tomcat].[localhost].[/]       : Initializing Spring embedded WebApplicationContext
13:23:13:680  INFO 33736 --- [main] w.s.c.ServletWebServerApplicationContext : Root WebApplicationContext: initialization completed in 977 ms
13:23:14:508  INFO 33736 --- [main] pertySourcedRequestMappingHandlerMapping : Mapped URL path [/v2/api-docs] onto method [springfox.documentation.swagger2.web.Swagger2ControllerWebMvc#getDocumentation(String, HttpServletRequest)]
13:23:14:626  INFO 33736 --- [main] com.alibaba.nacos.common.remote.client   : [RpcClientFactory] create a new rpc client of 086540aa-51b9-461c-b5eb-ae5a47125177
13:23:14:671  INFO 33736 --- [main] org.reflections.Reflections              : Reflections took 20 ms to scan 1 urls, producing 3 keys and 6 values 
13:23:14:688  INFO 33736 --- [main] org.reflections.Reflections              : Reflections took 5 ms to scan 1 urls, producing 4 keys and 9 values 
13:23:14:692  INFO 33736 --- [main] org.reflections.Reflections              : Reflections took 3 ms to scan 1 urls, producing 3 keys and 10 values 
13:23:14:694  WARN 33736 --- [main] org.reflections.Reflections              : given scan urls are empty. set urls in the configuration
13:23:14:698  INFO 33736 --- [main] org.reflections.Reflections              : Reflections took 4 ms to scan 1 urls, producing 1 keys and 5 values 
13:23:14:707  INFO 33736 --- [main] org.reflections.Reflections              : Reflections took 8 ms to scan 1 urls, producing 1 keys and 7 values 
13:23:14:713  INFO 33736 --- [main] org.reflections.Reflections              : Reflections took 4 ms to scan 1 urls, producing 2 keys and 8 values 
13:23:14:714  WARN 33736 --- [main] org.reflections.Reflections              : given scan urls are empty. set urls in the configuration
13:23:14:714  INFO 33736 --- [main] com.alibaba.nacos.common.remote.client   : [086540aa-51b9-461c-b5eb-ae5a47125177] RpcClient init label, labels = {module=naming, source=sdk}
13:23:14:715  INFO 33736 --- [main] com.alibaba.nacos.common.remote.client   : [086540aa-51b9-461c-b5eb-ae5a47125177] RpcClient init, ServerListFactory = com.alibaba.nacos.client.naming.core.ServerListManager
13:23:14:716  INFO 33736 --- [main] com.alibaba.nacos.common.remote.client   : [086540aa-51b9-461c-b5eb-ae5a47125177] Registry connection listener to current client:com.alibaba.nacos.client.naming.remote.gprc.redo.NamingGrpcRedoService
13:23:14:716  INFO 33736 --- [main] com.alibaba.nacos.common.remote.client   : [086540aa-51b9-461c-b5eb-ae5a47125177] Register server push request handler:com.alibaba.nacos.client.naming.remote.gprc.NamingPushRequestHandler
13:23:14:717  INFO 33736 --- [main] com.alibaba.nacos.common.remote.client   : [086540aa-51b9-461c-b5eb-ae5a47125177] Try to connect to server on start up, server: {serverIp = '127.0.0.1', server main port = 8848}
13:23:15:554  INFO 33736 --- [main] com.alibaba.nacos.common.remote.client   : [086540aa-51b9-461c-b5eb-ae5a47125177] Success to connect to server [127.0.0.1:8848] on start up, connectionId = 1789536195388_172.17.0.1_39578
13:23:15:554  INFO 33736 --- [com.alibaba.nacos.client.remote.worker] com.alibaba.nacos.common.remote.client   : [086540aa-51b9-461c-b5eb-ae5a47125177] Notify connected event to listeners.
13:23:15:554  INFO 33736 --- [main] com.alibaba.nacos.common.remote.client   : [086540aa-51b9-461c-b5eb-ae5a47125177] Register server push request handler:com.alibaba.nacos.common.remote.client.RpcClient$ConnectResetRequestHandler
13:23:15:555  INFO 33736 --- [main] com.alibaba.nacos.common.remote.client   : [086540aa-51b9-461c-b5eb-ae5a47125177] Register server push request handler:com.alibaba.nacos.common.remote.client.RpcClient$$Lambda$915/0x0000020b8172db00
13:23:15:595  INFO 33736 --- [main] o.s.b.w.embedded.tomcat.TomcatWebServer  : Tomcat started on port(s): 8082 (http) with context path ''
13:23:15:721  INFO 33736 --- [main] c.a.c.n.registry.NacosServiceRegistry    : nacos registry, DEFAULT_GROUP cart-service 192.168.1.46:8082 register finished
13:23:15:721  INFO 33736 --- [main] d.s.w.p.DocumentationPluginsBootstrapper : Documentation plugins bootstrapped
13:23:15:723  INFO 33736 --- [main] d.s.w.p.DocumentationPluginsBootstrapper : Found 1 custom documentation plugin(s)
13:23:15:739  INFO 33736 --- [main] s.d.s.w.s.ApiListingReferenceScanner     : Scanning for api listing references
13:23:15:806  INFO 33736 --- [main] com.hmall.cart.CartApplication           : Started CartApplication in 3.67 seconds (JVM running for 4.203)
13:23:16:147  INFO 33736 --- [nacos-grpc-client-executor-9] com.alibaba.nacos.common.remote.client   : [086540aa-51b9-461c-b5eb-ae5a47125177] Receive server push request, request = NotifySubscriberRequest, requestId = 7
13:23:16:149  INFO 33736 --- [nacos-grpc-client-executor-9] com.alibaba.nacos.common.remote.client   : [086540aa-51b9-461c-b5eb-ae5a47125177] Ack server push request, request = NotifySubscriberRequest, requestId = 7
13:23:31:689  INFO 33736 --- [http-nio-8082-exec-1] o.a.c.c.C.[Tomcat].[localhost].[/]       : Initializing Spring DispatcherServlet 'dispatcherServlet'
13:23:31:689  INFO 33736 --- [http-nio-8082-exec-1] o.s.web.servlet.DispatcherServlet        : Initializing Servlet 'dispatcherServlet'
13:23:31:690  INFO 33736 --- [http-nio-8082-exec-1] o.s.web.servlet.DispatcherServlet        : Completed initialization in 1 ms
13:23:39:248  INFO 33736 --- [http-nio-8082-exec-9] com.zaxxer.hikari.HikariDataSource       : HikariPool-1 - Starting...
13:23:39:663  INFO 33736 --- [http-nio-8082-exec-9] com.zaxxer.hikari.HikariDataSource       : HikariPool-1 - Start completed.
13:23:39:669 DEBUG 33736 --- [http-nio-8082-exec-9] c.h.cart.mapper.CartMapper.selectList    : ==>  Preparing: SELECT id,user_id,item_id,num,name,spec,price,image,create_time,update_time FROM cart WHERE (user_id = ?)
13:23:39:695 DEBUG 33736 --- [http-nio-8082-exec-9] c.h.cart.mapper.CartMapper.selectList    : ==> Parameters: 1(Long)
13:23:39:806 DEBUG 33736 --- [http-nio-8082-exec-9] c.h.cart.mapper.CartMapper.selectList    : <==      Total: 1
13:23:40:478  INFO 33736 --- [nacos-grpc-client-executor-17] com.alibaba.nacos.common.remote.client   : [086540aa-51b9-461c-b5eb-ae5a47125177] Receive server push request, request = NotifySubscriberRequest, requestId = 8
13:23:40:478  INFO 33736 --- [nacos-grpc-client-executor-17] com.alibaba.nacos.common.remote.client   : [086540aa-51b9-461c-b5eb-ae5a47125177] Ack server push request, request = NotifySubscriberRequest, requestId = 8
13:23:43:238 DEBUG 33736 --- [http-nio-8082-exec-5] c.h.cart.mapper.CartMapper.selectList    : ==>  Preparing: SELECT id,user_id,item_id,num,name,spec,price,image,create_time,update_time FROM cart WHERE (user_id = ?)
13:23:43:238 DEBUG 33736 --- [http-nio-8082-exec-5] c.h.cart.mapper.CartMapper.selectList    : ==> Parameters: 1(Long)
13:23:43:240 DEBUG 33736 --- [http-nio-8082-exec-5] c.h.cart.mapper.CartMapper.selectList    : <==      Total: 1
13:23:45:994 DEBUG 33736 --- [http-nio-8082-exec-3] c.h.cart.mapper.CartMapper.selectList    : ==>  Preparing: SELECT id,user_id,item_id,num,name,spec,price,image,create_time,update_time FROM cart WHERE (user_id = ?)
13:23:45:994 DEBUG 33736 --- [http-nio-8082-exec-3] c.h.cart.mapper.CartMapper.selectList    : ==> Parameters: 1(Long)
13:23:45:996 DEBUG 33736 --- [http-nio-8082-exec-3] c.h.cart.mapper.CartMapper.selectList    : <==      Total: 1
13:23:47:585 DEBUG 33736 --- [http-nio-8082-exec-7] c.h.cart.mapper.CartMapper.selectList    : ==>  Preparing: SELECT id,user_id,item_id,num,name,spec,price,image,create_time,update_time FROM cart WHERE (user_id = ?)
13:23:47:585 DEBUG 33736 --- [http-nio-8082-exec-7] c.h.cart.mapper.CartMapper.selectList    : ==> Parameters: 1(Long)
13:23:47:588 DEBUG 33736 --- [http-nio-8082-exec-7] c.h.cart.mapper.CartMapper.selectList    : <==      Total: 1
13:23:48:311 DEBUG 33736 --- [http-nio-8082-exec-8] c.h.cart.mapper.CartMapper.selectList    : ==>  Preparing: SELECT id,user_id,item_id,num,name,spec,price,image,create_time,update_time FROM cart WHERE (user_id = ?)
13:23:48:312 DEBUG 33736 --- [http-nio-8082-exec-8] c.h.cart.mapper.CartMapper.selectList    : ==> Parameters: 1(Long)
13:23:48:314 DEBUG 33736 --- [http-nio-8082-exec-8] c.h.cart.mapper.CartMapper.selectList    : <==      Total: 1
13:23:53:895  INFO 33736 --- [nacos-grpc-client-executor-20] com.alibaba.nacos.common.remote.client   : [086540aa-51b9-461c-b5eb-ae5a47125177] Receive server push request, request = NotifySubscriberRequest, requestId = 9
13:23:53:904  INFO 33736 --- [nacos-grpc-client-executor-20] com.alibaba.nacos.common.remote.client   : [086540aa-51b9-461c-b5eb-ae5a47125177] Ack server push request, request = NotifySubscriberRequest, requestId = 9
13:23:58:703  INFO 33736 --- [nacos-grpc-client-executor-21] com.alibaba.nacos.common.remote.client   : [086540aa-51b9-461c-b5eb-ae5a47125177] Receive server push request, request = NotifySubscriberRequest, requestId = 11
13:23:58:713  INFO 33736 --- [nacos-grpc-client-executor-21] com.alibaba.nacos.common.remote.client   : [086540aa-51b9-461c-b5eb-ae5a47125177] Ack server push request, request = NotifySubscriberRequest, requestId = 11
13:24:03:509  INFO 33736 --- [nacos-grpc-client-executor-22] com.alibaba.nacos.common.remote.client   : [086540aa-51b9-461c-b5eb-ae5a47125177] Receive server push request, request = NotifySubscriberRequest, requestId = 13
13:24:03:518  INFO 33736 --- [nacos-grpc-client-executor-22] com.alibaba.nacos.common.remote.client   : [086540aa-51b9-461c-b5eb-ae5a47125177] Ack server push request, request = NotifySubscriberRequest, requestId = 13
13:24:08:506 DEBUG 33736 --- [http-nio-8082-exec-10] c.h.cart.mapper.CartMapper.selectList    : ==>  Preparing: SELECT id,user_id,item_id,num,name,spec,price,image,create_time,update_time FROM cart WHERE (user_id = ?)
13:24:08:506 DEBUG 33736 --- [http-nio-8082-exec-10] c.h.cart.mapper.CartMapper.selectList    : ==> Parameters: 1(Long)
13:24:08:509 DEBUG 33736 --- [http-nio-8082-exec-10] c.h.cart.mapper.CartMapper.selectList    : <==      Total: 1
13:24:09:978 DEBUG 33736 --- [http-nio-8082-exec-1] c.h.cart.mapper.CartMapper.selectList    : ==>  Preparing: SELECT id,user_id,item_id,num,name,spec,price,image,create_time,update_time FROM cart WHERE (user_id = ?)
13:24:09:979 DEBUG 33736 --- [http-nio-8082-exec-1] c.h.cart.mapper.CartMapper.selectList    : ==> Parameters: 1(Long)
13:24:09:981 DEBUG 33736 --- [http-nio-8082-exec-1] c.h.cart.mapper.CartMapper.selectList    : <==      Total: 1
13:24:11:046 DEBUG 33736 --- [http-nio-8082-exec-6] c.h.cart.mapper.CartMapper.selectList    : ==>  Preparing: SELECT id,user_id,item_id,num,name,spec,price,image,create_time,update_time FROM cart WHERE (user_id = ?)
13:24:11:047 DEBUG 33736 --- [http-nio-8082-exec-6] c.h.cart.mapper.CartMapper.selectList    : ==> Parameters: 1(Long)
13:24:11:050 DEBUG 33736 --- [http-nio-8082-exec-6] c.h.cart.mapper.CartMapper.selectList    : <==      Total: 1
13:24:11:643 DEBUG 33736 --- [http-nio-8082-exec-4] c.h.cart.mapper.CartMapper.selectList    : ==>  Preparing: SELECT id,user_id,item_id,num,name,spec,price,image,create_time,update_time FROM cart WHERE (user_id = ?)
13:24:11:644 DEBUG 33736 --- [http-nio-8082-exec-4] c.h.cart.mapper.CartMapper.selectList    : ==> Parameters: 1(Long)
13:24:11:646 DEBUG 33736 --- [http-nio-8082-exec-4] c.h.cart.mapper.CartMapper.selectList    : <==      Total: 1
13:24:12:129 DEBUG 33736 --- [http-nio-8082-exec-2] c.h.cart.mapper.CartMapper.selectList    : ==>  Preparing: SELECT id,user_id,item_id,num,name,spec,price,image,create_time,update_time FROM cart WHERE (user_id = ?)
13:24:12:129 DEBUG 33736 --- [http-nio-8082-exec-2] c.h.cart.mapper.CartMapper.selectList    : ==> Parameters: 1(Long)
13:24:12:132 DEBUG 33736 --- [http-nio-8082-exec-2] c.h.cart.mapper.CartMapper.selectList    : <==      Total: 1
13:24:12:307 DEBUG 33736 --- [http-nio-8082-exec-9] c.h.cart.mapper.CartMapper.selectList    : ==>  Preparing: SELECT id,user_id,item_id,num,name,spec,price,image,create_time,update_time FROM cart WHERE (user_id = ?)
13:24:12:308 DEBUG 33736 --- [http-nio-8082-exec-9] c.h.cart.mapper.CartMapper.selectList    : ==> Parameters: 1(Long)
13:24:12:310 DEBUG 33736 --- [http-nio-8082-exec-9] c.h.cart.mapper.CartMapper.selectList    : <==      Total: 1
13:24:12:458 DEBUG 33736 --- [http-nio-8082-exec-5] c.h.cart.mapper.CartMapper.selectList    : ==>  Preparing: SELECT id,user_id,item_id,num,name,spec,price,image,create_time,update_time FROM cart WHERE (user_id = ?)
13:24:12:458 DEBUG 33736 --- [http-nio-8082-exec-5] c.h.cart.mapper.CartMapper.selectList    : ==> Parameters: 1(Long)
13:24:12:461 DEBUG 33736 --- [http-nio-8082-exec-5] c.h.cart.mapper.CartMapper.selectList    : <==      Total: 1
13:24:27:353  INFO 33736 --- [nacos-grpc-client-executor-27] com.alibaba.nacos.common.remote.client   : [086540aa-51b9-461c-b5eb-ae5a47125177] Receive server push request, request = NotifySubscriberRequest, requestId = 16
13:24:27:360  INFO 33736 --- [nacos-grpc-client-executor-27] com.alibaba.nacos.common.remote.client   : [086540aa-51b9-461c-b5eb-ae5a47125177] Ack server push request, request = NotifySubscriberRequest, requestId = 16
13:24:52:307 DEBUG 33736 --- [http-nio-8082-exec-6] c.h.cart.mapper.CartMapper.selectList    : ==>  Preparing: SELECT id,user_id,item_id,num,name,spec,price,image,create_time,update_time FROM cart WHERE (user_id = ?)
13:24:52:307 DEBUG 33736 --- [http-nio-8082-exec-6] c.h.cart.mapper.CartMapper.selectList    : ==> Parameters: 1(Long)
13:24:52:310 DEBUG 33736 --- [http-nio-8082-exec-6] c.h.cart.mapper.CartMapper.selectList    : <==      Total: 1
13:24:53:125 DEBUG 33736 --- [http-nio-8082-exec-4] c.h.cart.mapper.CartMapper.selectList    : ==>  Preparing: SELECT id,user_id,item_id,num,name,spec,price,image,create_time,update_time FROM cart WHERE (user_id = ?)
13:24:53:125 DEBUG 33736 --- [http-nio-8082-exec-4] c.h.cart.mapper.CartMapper.selectList    : ==> Parameters: 1(Long)
13:24:53:127 DEBUG 33736 --- [http-nio-8082-exec-4] c.h.cart.mapper.CartMapper.selectList    : <==      Total: 1
13:24:53:554 DEBUG 33736 --- [http-nio-8082-exec-2] c.h.cart.mapper.CartMapper.selectList    : ==>  Preparing: SELECT id,user_id,item_id,num,name,spec,price,image,create_time,update_time FROM cart WHERE (user_id = ?)
13:24:53:554 DEBUG 33736 --- [http-nio-8082-exec-2] c.h.cart.mapper.CartMapper.selectList    : ==> Parameters: 1(Long)
13:24:53:557 DEBUG 33736 --- [http-nio-8082-exec-2] c.h.cart.mapper.CartMapper.selectList    : <==      Total: 1
13:24:53:738 DEBUG 33736 --- [http-nio-8082-exec-9] c.h.cart.mapper.CartMapper.selectList    : ==>  Preparing: SELECT id,user_id,item_id,num,name,spec,price,image,create_time,update_time FROM cart WHERE (user_id = ?)
13:24:53:739 DEBUG 33736 --- [http-nio-8082-exec-9] c.h.cart.mapper.CartMapper.selectList    : ==> Parameters: 1(Long)
13:24:53:745 DEBUG 33736 --- [http-nio-8082-exec-9] c.h.cart.mapper.CartMapper.selectList    : <==      Total: 1
13:24:53:925 DEBUG 33736 --- [http-nio-8082-exec-5] c.h.cart.mapper.CartMapper.selectList    : ==>  Preparing: SELECT id,user_id,item_id,num,name,spec,price,image,create_time,update_time FROM cart WHERE (user_id = ?)
13:24:53:926 DEBUG 33736 --- [http-nio-8082-exec-5] c.h.cart.mapper.CartMapper.selectList    : ==> Parameters: 1(Long)
13:24:53:928 DEBUG 33736 --- [http-nio-8082-exec-5] c.h.cart.mapper.CartMapper.selectList    : <==      Total: 1
13:25:13:919  INFO 33736 --- [nacos-grpc-client-executor-37] com.alibaba.nacos.common.remote.client   : [086540aa-51b9-461c-b5eb-ae5a47125177] Receive server push request, request = NotifySubscriberRequest, requestId = 18
13:25:13:932  INFO 33736 --- [nacos-grpc-client-executor-37] com.alibaba.nacos.common.remote.client   : [086540aa-51b9-461c-b5eb-ae5a47125177] Ack server push request, request = NotifySubscriberRequest, requestId = 18
13:25:25:204 DEBUG 33736 --- [http-nio-8082-exec-1] c.h.cart.mapper.CartMapper.selectList    : ==>  Preparing: SELECT id,user_id,item_id,num,name,spec,price,image,create_time,update_time FROM cart WHERE (user_id = ?)
13:25:25:205 DEBUG 33736 --- [http-nio-8082-exec-1] c.h.cart.mapper.CartMapper.selectList    : ==> Parameters: 1(Long)
13:25:25:206 DEBUG 33736 --- [http-nio-8082-exec-1] c.h.cart.mapper.CartMapper.selectList    : <==      Total: 1
13:25:26:386 DEBUG 33736 --- [http-nio-8082-exec-7] c.h.cart.mapper.CartMapper.selectList    : ==>  Preparing: SELECT id,user_id,item_id,num,name,spec,price,image,create_time,update_time FROM cart WHERE (user_id = ?)
13:25:26:387 DEBUG 33736 --- [http-nio-8082-exec-7] c.h.cart.mapper.CartMapper.selectList    : ==> Parameters: 1(Long)
13:25:26:389 DEBUG 33736 --- [http-nio-8082-exec-7] c.h.cart.mapper.CartMapper.selectList    : <==      Total: 1
13:25:27:346 DEBUG 33736 --- [http-nio-8082-exec-10] c.h.cart.mapper.CartMapper.selectList    : ==>  Preparing: SELECT id,user_id,item_id,num,name,spec,price,image,create_time,update_time FROM cart WHERE (user_id = ?)
13:25:27:346 DEBUG 33736 --- [http-nio-8082-exec-10] c.h.cart.mapper.CartMapper.selectList    : ==> Parameters: 1(Long)
13:25:27:348 DEBUG 33736 --- [http-nio-8082-exec-10] c.h.cart.mapper.CartMapper.selectList    : <==      Total: 1
13:25:27:853 DEBUG 33736 --- [http-nio-8082-exec-3] c.h.cart.mapper.CartMapper.selectList    : ==>  Preparing: SELECT id,user_id,item_id,num,name,spec,price,image,create_time,update_time FROM cart WHERE (user_id = ?)
13:25:27:854 DEBUG 33736 --- [http-nio-8082-exec-3] c.h.cart.mapper.CartMapper.selectList    : ==> Parameters: 1(Long)
13:25:27:856 DEBUG 33736 --- [http-nio-8082-exec-3] c.h.cart.mapper.CartMapper.selectList    : <==      Total: 1
13:25:28:440 DEBUG 33736 --- [http-nio-8082-exec-8] c.h.cart.mapper.CartMapper.selectList    : ==>  Preparing: SELECT id,user_id,item_id,num,name,spec,price,image,create_time,update_time FROM cart WHERE (user_id = ?)
13:25:28:441 DEBUG 33736 --- [http-nio-8082-exec-8] c.h.cart.mapper.CartMapper.selectList    : ==> Parameters: 1(Long)
13:25:28:443 DEBUG 33736 --- [http-nio-8082-exec-8] c.h.cart.mapper.CartMapper.selectList    : <==      Total: 1
13:25:32:138  INFO 33736 --- [nacos-grpc-client-executor-41] com.alibaba.nacos.common.remote.client   : [086540aa-51b9-461c-b5eb-ae5a47125177] Receive server push request, request = NotifySubscriberRequest, requestId = 21
13:25:32:145  INFO 33736 --- [nacos-grpc-client-executor-41] com.alibaba.nacos.common.remote.client   : [086540aa-51b9-461c-b5eb-ae5a47125177] Ack server push request, request = NotifySubscriberRequest, requestId = 21
13:25:36:743  INFO 33736 --- [nacos-grpc-client-executor-42] com.alibaba.nacos.common.remote.client   : [086540aa-51b9-461c-b5eb-ae5a47125177] Receive server push request, request = NotifySubscriberRequest, requestId = 23
13:25:36:751  INFO 33736 --- [nacos-grpc-client-executor-42] com.alibaba.nacos.common.remote.client   : [086540aa-51b9-461c-b5eb-ae5a47125177] Ack server push request, request = NotifySubscriberRequest, requestId = 23
13:49:27:666  INFO 33736 --- [nacos-grpc-client-executor-402] com.alibaba.nacos.common.remote.client   : [086540aa-51b9-461c-b5eb-ae5a47125177] Receive server push request, request = NotifySubscriberRequest, requestId = 26
13:49:27:670  INFO 33736 --- [nacos-grpc-client-executor-402] com.alibaba.nacos.common.remote.client   : [086540aa-51b9-461c-b5eb-ae5a47125177] Ack server push request, request = NotifySubscriberRequest, requestId = 26
13:49:28:765  INFO 33736 --- [nacos-grpc-client-executor-403] com.alibaba.nacos.common.remote.client   : [086540aa-51b9-461c-b5eb-ae5a47125177] Receive server push request, request = NotifySubscriberRequest, requestId = 28
13:49:28:771  INFO 33736 --- [nacos-grpc-client-executor-403] com.alibaba.nacos.common.remote.client   : [086540aa-51b9-461c-b5eb-ae5a47125177] Ack server push request, request = NotifySubscriberRequest, requestId = 28
13:49:28:823  WARN 33736 --- [Thread-7] c.a.n.common.http.HttpClientBeanHolder   : [HttpClientBeanHolder] Start destroying common HttpClient
13:49:28:823  WARN 33736 --- [Thread-4] c.a.nacos.common.notify.NotifyCenter     : [NotifyCenter] Start destroying Publisher
13:49:28:823  WARN 33736 --- [Thread-4] c.a.nacos.common.notify.NotifyCenter     : [NotifyCenter] Destruction of the end
13:49:28:823  WARN 33736 --- [Thread-7] c.a.n.common.http.HttpClientBeanHolder   : [HttpClientBeanHolder] Destruction of the end
13:49:28:850  INFO 33736 --- [SpringApplicationShutdownHook] c.a.c.n.registry.NacosServiceRegistry    : De-registering from Nacos Server now...
13:49:28:854  INFO 33736 --- [SpringApplicationShutdownHook] c.a.c.n.registry.NacosServiceRegistry    : De-registration finished.
13:49:29:185  INFO 33736 --- [SpringApplicationShutdownHook] com.alibaba.nacos.common.remote.client   : Shutdown rpc client, set status to shutdown
13:49:29:185  INFO 33736 --- [SpringApplicationShutdownHook] com.alibaba.nacos.common.remote.client   : Shutdown client event executor java.util.concurrent.ScheduledThreadPoolExecutor@4ea4e288[Running, pool size = 2, active threads = 2, queued tasks = 0, completed tasks = 0]
13:49:29:185  INFO 33736 --- [SpringApplicationShutdownHook] com.alibaba.nacos.common.remote.client   : Close current connection 1789536195388_172.17.0.1_39578
13:49:29:188  INFO 33736 --- [SpringApplicationShutdownHook] c.a.n.c.remote.client.grpc.GrpcClient    : Shutdown grpc executor java.util.concurrent.ThreadPoolExecutor@7907626a[Running, pool size = 6, active threads = 0, queued tasks = 0, completed tasks = 406]
13:49:29:190  INFO 33736 --- [SpringApplicationShutdownHook] com.zaxxer.hikari.HikariDataSource       : HikariPool-1 - Shutdown initiated...
13:49:29:202  INFO 33736 --- [SpringApplicationShutdownHook] com.zaxxer.hikari.HikariDataSource       : HikariPool-1 - Shutdown completed.
13:49:36:852  INFO 14240 --- [main] com.hmall.cart.CartApplication           : Starting CartApplication using Java 17.0.19 on Perth with PID 14240 (D:\Major\Projects\SpringCloud_hm\hmall\cart-service\target\classes started by 29648 in D:\Major\Projects\SpringCloud_hm\hmall)
13:49:36:854 DEBUG 14240 --- [main] com.hmall.cart.CartApplication           : Running with Spring Boot v2.7.12, Spring v5.3.27
13:49:36:854  INFO 14240 --- [main] com.hmall.cart.CartApplication           : The following 1 profile is active: "local"
13:49:37:507  INFO 14240 --- [main] o.s.cloud.context.scope.GenericScope     : BeanFactory id=ac72a238-ecfe-3f53-8d26-a060939bd3e3
13:49:37:812  INFO 14240 --- [main] o.s.b.w.embedded.tomcat.TomcatWebServer  : Tomcat initialized with port(s): 8082 (http)
13:49:37:818  INFO 14240 --- [main] o.apache.catalina.core.StandardService   : Starting service [Tomcat]
13:49:37:818  INFO 14240 --- [main] org.apache.catalina.core.StandardEngine  : Starting Servlet engine: [Apache Tomcat/9.0.75]
13:49:37:934  INFO 14240 --- [main] o.a.c.c.C.[Tomcat].[localhost].[/]       : Initializing Spring embedded WebApplicationContext
13:49:37:934  INFO 14240 --- [main] w.s.c.ServletWebServerApplicationContext : Root WebApplicationContext: initialization completed in 1042 ms
13:49:38:050  INFO 14240 --- [main] o.s.c.openfeign.FeignClientFactoryBean   : For 'item-service' URL not provided. Will try picking an instance via load-balancing.
13:49:38:682  INFO 14240 --- [main] pertySourcedRequestMappingHandlerMapping : Mapped URL path [/v2/api-docs] onto method [springfox.documentation.swagger2.web.Swagger2ControllerWebMvc#getDocumentation(String, HttpServletRequest)]
13:49:38:935  INFO 14240 --- [main] com.alibaba.nacos.common.remote.client   : [RpcClientFactory] create a new rpc client of d34dd81b-841e-4dfe-ad13-cabafe16308b
13:49:38:972  INFO 14240 --- [main] org.reflections.Reflections              : Reflections took 19 ms to scan 1 urls, producing 3 keys and 6 values 
13:49:38:986  INFO 14240 --- [main] org.reflections.Reflections              : Reflections took 6 ms to scan 1 urls, producing 4 keys and 9 values 
13:49:38:991  INFO 14240 --- [main] org.reflections.Reflections              : Reflections took 3 ms to scan 1 urls, producing 3 keys and 10 values 
13:49:38:993  WARN 14240 --- [main] org.reflections.Reflections              : given scan urls are empty. set urls in the configuration
13:49:38:997  INFO 14240 --- [main] org.reflections.Reflections              : Reflections took 4 ms to scan 1 urls, producing 1 keys and 5 values 
13:49:39:002  INFO 14240 --- [main] org.reflections.Reflections              : Reflections took 4 ms to scan 1 urls, producing 1 keys and 7 values 
13:49:39:009  INFO 14240 --- [main] org.reflections.Reflections              : Reflections took 6 ms to scan 1 urls, producing 2 keys and 8 values 
13:49:39:010  WARN 14240 --- [main] org.reflections.Reflections              : given scan urls are empty. set urls in the configuration
13:49:39:011  INFO 14240 --- [main] com.alibaba.nacos.common.remote.client   : [d34dd81b-841e-4dfe-ad13-cabafe16308b] RpcClient init label, labels = {module=naming, source=sdk}
13:49:39:012  INFO 14240 --- [main] com.alibaba.nacos.common.remote.client   : [d34dd81b-841e-4dfe-ad13-cabafe16308b] RpcClient init, ServerListFactory = com.alibaba.nacos.client.naming.core.ServerListManager
13:49:39:012  INFO 14240 --- [main] com.alibaba.nacos.common.remote.client   : [d34dd81b-841e-4dfe-ad13-cabafe16308b] Registry connection listener to current client:com.alibaba.nacos.client.naming.remote.gprc.redo.NamingGrpcRedoService
13:49:39:012  INFO 14240 --- [main] com.alibaba.nacos.common.remote.client   : [d34dd81b-841e-4dfe-ad13-cabafe16308b] Register server push request handler:com.alibaba.nacos.client.naming.remote.gprc.NamingPushRequestHandler
13:49:39:013  INFO 14240 --- [main] com.alibaba.nacos.common.remote.client   : [d34dd81b-841e-4dfe-ad13-cabafe16308b] Try to connect to server on start up, server: {serverIp = '127.0.0.1', server main port = 8848}
13:49:39:662  INFO 14240 --- [main] com.alibaba.nacos.common.remote.client   : [d34dd81b-841e-4dfe-ad13-cabafe16308b] Success to connect to server [127.0.0.1:8848] on start up, connectionId = 1789537779497_172.17.0.1_44998
13:49:39:663  INFO 14240 --- [com.alibaba.nacos.client.remote.worker] com.alibaba.nacos.common.remote.client   : [d34dd81b-841e-4dfe-ad13-cabafe16308b] Notify connected event to listeners.
13:49:39:663  INFO 14240 --- [main] com.alibaba.nacos.common.remote.client   : [d34dd81b-841e-4dfe-ad13-cabafe16308b] Register server push request handler:com.alibaba.nacos.common.remote.client.RpcClient$ConnectResetRequestHandler
13:49:39:663  INFO 14240 --- [main] com.alibaba.nacos.common.remote.client   : [d34dd81b-841e-4dfe-ad13-cabafe16308b] Register server push request handler:com.alibaba.nacos.common.remote.client.RpcClient$$Lambda$990/0x00000251db77fb80
13:49:39:704  INFO 14240 --- [main] o.s.b.w.embedded.tomcat.TomcatWebServer  : Tomcat started on port(s): 8082 (http) with context path ''
13:49:39:713  INFO 14240 --- [main] c.a.c.n.registry.NacosServiceRegistry    : nacos registry, DEFAULT_GROUP cart-service 192.168.1.46:8082 register finished
13:49:39:822  INFO 14240 --- [main] d.s.w.p.DocumentationPluginsBootstrapper : Documentation plugins bootstrapped
13:49:39:824  INFO 14240 --- [main] d.s.w.p.DocumentationPluginsBootstrapper : Found 1 custom documentation plugin(s)
13:49:39:840  INFO 14240 --- [main] s.d.s.w.s.ApiListingReferenceScanner     : Scanning for api listing references
13:49:39:897  INFO 14240 --- [main] com.hmall.cart.CartApplication           : Started CartApplication in 3.561 seconds (JVM running for 4.116)
13:49:40:188  INFO 14240 --- [nacos-grpc-client-executor-9] com.alibaba.nacos.common.remote.client   : [d34dd81b-841e-4dfe-ad13-cabafe16308b] Receive server push request, request = NotifySubscriberRequest, requestId = 32
13:49:40:199  INFO 14240 --- [nacos-grpc-client-executor-9] com.alibaba.nacos.common.remote.client   : [d34dd81b-841e-4dfe-ad13-cabafe16308b] Ack server push request, request = NotifySubscriberRequest, requestId = 32
13:49:52:062  INFO 14240 --- [http-nio-8082-exec-1] o.a.c.c.C.[Tomcat].[localhost].[/]       : Initializing Spring DispatcherServlet 'dispatcherServlet'
13:49:52:063  INFO 14240 --- [http-nio-8082-exec-1] o.s.web.servlet.DispatcherServlet        : Initializing Servlet 'dispatcherServlet'
13:49:52:064  INFO 14240 --- [http-nio-8082-exec-1] o.s.web.servlet.DispatcherServlet        : Completed initialization in 1 ms
13:49:52:146  INFO 14240 --- [http-nio-8082-exec-1] com.zaxxer.hikari.HikariDataSource       : HikariPool-1 - Starting...
13:49:52:457  INFO 14240 --- [http-nio-8082-exec-1] com.zaxxer.hikari.HikariDataSource       : HikariPool-1 - Start completed.
13:49:52:462 DEBUG 14240 --- [http-nio-8082-exec-1] c.h.cart.mapper.CartMapper.selectList    : ==>  Preparing: SELECT id,user_id,item_id,num,name,spec,price,image,create_time,update_time FROM cart WHERE (user_id = ?)
13:49:52:488 DEBUG 14240 --- [http-nio-8082-exec-1] c.h.cart.mapper.CartMapper.selectList    : ==> Parameters: 1(Long)
13:49:52:515 DEBUG 14240 --- [http-nio-8082-exec-1] c.h.cart.mapper.CartMapper.selectList    : <==      Total: 1
13:49:53:197  INFO 14240 --- [nacos-grpc-client-executor-15] com.alibaba.nacos.common.remote.client   : [d34dd81b-841e-4dfe-ad13-cabafe16308b] Receive server push request, request = NotifySubscriberRequest, requestId = 33
13:49:53:198  INFO 14240 --- [nacos-grpc-client-executor-15] com.alibaba.nacos.common.remote.client   : [d34dd81b-841e-4dfe-ad13-cabafe16308b] Ack server push request, request = NotifySubscriberRequest, requestId = 33
13:49:55:922 DEBUG 14240 --- [http-nio-8082-exec-5] c.h.cart.mapper.CartMapper.selectList    : ==>  Preparing: SELECT id,user_id,item_id,num,name,spec,price,image,create_time,update_time FROM cart WHERE (user_id = ?)
13:49:55:922 DEBUG 14240 --- [http-nio-8082-exec-5] c.h.cart.mapper.CartMapper.selectList    : ==> Parameters: 1(Long)
13:49:55:924 DEBUG 14240 --- [http-nio-8082-exec-5] c.h.cart.mapper.CartMapper.selectList    : <==      Total: 1
13:49:57:485 DEBUG 14240 --- [http-nio-8082-exec-2] c.h.cart.mapper.CartMapper.selectList    : ==>  Preparing: SELECT id,user_id,item_id,num,name,spec,price,image,create_time,update_time FROM cart WHERE (user_id = ?)
13:49:57:485 DEBUG 14240 --- [http-nio-8082-exec-2] c.h.cart.mapper.CartMapper.selectList    : ==> Parameters: 1(Long)
13:49:57:487 DEBUG 14240 --- [http-nio-8082-exec-2] c.h.cart.mapper.CartMapper.selectList    : <==      Total: 1
13:49:58:213 DEBUG 14240 --- [http-nio-8082-exec-9] c.h.cart.mapper.CartMapper.selectList    : ==>  Preparing: SELECT id,user_id,item_id,num,name,spec,price,image,create_time,update_time FROM cart WHERE (user_id = ?)
13:49:58:213 DEBUG 14240 --- [http-nio-8082-exec-9] c.h.cart.mapper.CartMapper.selectList    : ==> Parameters: 1(Long)
13:49:58:216 DEBUG 14240 --- [http-nio-8082-exec-9] c.h.cart.mapper.CartMapper.selectList    : <==      Total: 1
13:49:58:757 DEBUG 14240 --- [http-nio-8082-exec-6] c.h.cart.mapper.CartMapper.selectList    : ==>  Preparing: SELECT id,user_id,item_id,num,name,spec,price,image,create_time,update_time FROM cart WHERE (user_id = ?)
13:49:58:757 DEBUG 14240 --- [http-nio-8082-exec-6] c.h.cart.mapper.CartMapper.selectList    : ==> Parameters: 1(Long)
13:49:58:760 DEBUG 14240 --- [http-nio-8082-exec-6] c.h.cart.mapper.CartMapper.selectList    : <==      Total: 1
13:49:59:172 DEBUG 14240 --- [http-nio-8082-exec-3] c.h.cart.mapper.CartMapper.selectList    : ==>  Preparing: SELECT id,user_id,item_id,num,name,spec,price,image,create_time,update_time FROM cart WHERE (user_id = ?)
13:49:59:173 DEBUG 14240 --- [http-nio-8082-exec-3] c.h.cart.mapper.CartMapper.selectList    : ==> Parameters: 1(Long)
13:49:59:177 DEBUG 14240 --- [http-nio-8082-exec-3] c.h.cart.mapper.CartMapper.selectList    : <==      Total: 1
13:49:59:327 DEBUG 14240 --- [http-nio-8082-exec-7] c.h.cart.mapper.CartMapper.selectList    : ==>  Preparing: SELECT id,user_id,item_id,num,name,spec,price,image,create_time,update_time FROM cart WHERE (user_id = ?)
13:49:59:328 DEBUG 14240 --- [http-nio-8082-exec-7] c.h.cart.mapper.CartMapper.selectList    : ==> Parameters: 1(Long)
13:49:59:330 DEBUG 14240 --- [http-nio-8082-exec-7] c.h.cart.mapper.CartMapper.selectList    : <==      Total: 1
13:49:59:478 DEBUG 14240 --- [http-nio-8082-exec-8] c.h.cart.mapper.CartMapper.selectList    : ==>  Preparing: SELECT id,user_id,item_id,num,name,spec,price,image,create_time,update_time FROM cart WHERE (user_id = ?)
13:49:59:479 DEBUG 14240 --- [http-nio-8082-exec-8] c.h.cart.mapper.CartMapper.selectList    : ==> Parameters: 1(Long)
13:49:59:483 DEBUG 14240 --- [http-nio-8082-exec-8] c.h.cart.mapper.CartMapper.selectList    : <==      Total: 1
14:32:42:947  WARN 14240 --- [Thread-4] c.a.nacos.common.notify.NotifyCenter     : [NotifyCenter] Start destroying Publisher
14:32:42:947  WARN 14240 --- [Thread-7] c.a.n.common.http.HttpClientBeanHolder   : [HttpClientBeanHolder] Start destroying common HttpClient
14:32:42:947  WARN 14240 --- [Thread-4] c.a.nacos.common.notify.NotifyCenter     : [NotifyCenter] Destruction of the end
14:32:42:948  WARN 14240 --- [Thread-7] c.a.n.common.http.HttpClientBeanHolder   : [HttpClientBeanHolder] Destruction of the end
14:32:42:971  INFO 14240 --- [SpringApplicationShutdownHook] c.a.c.n.registry.NacosServiceRegistry    : De-registering from Nacos Server now...
14:32:42:976  INFO 14240 --- [SpringApplicationShutdownHook] c.a.c.n.registry.NacosServiceRegistry    : De-registration finished.
14:32:43:306  INFO 14240 --- [SpringApplicationShutdownHook] com.alibaba.nacos.common.remote.client   : Shutdown rpc client, set status to shutdown
14:32:43:307  INFO 14240 --- [SpringApplicationShutdownHook] com.alibaba.nacos.common.remote.client   : Shutdown client event executor java.util.concurrent.ScheduledThreadPoolExecutor@70c23d2a[Running, pool size = 2, active threads = 2, queued tasks = 0, completed tasks = 0]
14:32:43:307  INFO 14240 --- [SpringApplicationShutdownHook] com.alibaba.nacos.common.remote.client   : Close current connection 1789537779497_172.17.0.1_44998
14:32:43:316  INFO 14240 --- [SpringApplicationShutdownHook] c.a.n.c.remote.client.grpc.GrpcClient    : Shutdown grpc executor java.util.concurrent.ThreadPoolExecutor@3adf7056[Running, pool size = 6, active threads = 0, queued tasks = 0, completed tasks = 590]
14:32:43:320  INFO 14240 --- [SpringApplicationShutdownHook] com.zaxxer.hikari.HikariDataSource       : HikariPool-1 - Shutdown initiated...
14:32:43:332  INFO 14240 --- [SpringApplicationShutdownHook] com.zaxxer.hikari.HikariDataSource       : HikariPool-1 - Shutdown completed.
14:32:48:807  INFO 30920 --- [main] com.hmall.cart.CartApplication           : Starting CartApplication using Java 17.0.19 on Perth with PID 30920 (D:\Major\Projects\SpringCloud_hm\hmall\cart-service\target\classes started by 29648 in D:\Major\Projects\SpringCloud_hm\hmall)
14:32:48:810 DEBUG 30920 --- [main] com.hmall.cart.CartApplication           : Running with Spring Boot v2.7.12, Spring v5.3.27
14:32:48:810  INFO 30920 --- [main] com.hmall.cart.CartApplication           : The following 1 profile is active: "local"
14:32:49:451  INFO 30920 --- [main] o.s.cloud.context.scope.GenericScope     : BeanFactory id=08d9e792-29a6-3cc9-861b-911dc1662e56
14:32:49:728  INFO 30920 --- [main] o.s.b.w.embedded.tomcat.TomcatWebServer  : Tomcat initialized with port(s): 8082 (http)
14:32:49:733  INFO 30920 --- [main] o.apache.catalina.core.StandardService   : Starting service [Tomcat]
14:32:49:734  INFO 30920 --- [main] org.apache.catalina.core.StandardEngine  : Starting Servlet engine: [Apache Tomcat/9.0.75]
14:32:49:842  INFO 30920 --- [main] o.a.c.c.C.[Tomcat].[localhost].[/]       : Initializing Spring embedded WebApplicationContext
14:32:49:843  INFO 30920 --- [main] w.s.c.ServletWebServerApplicationContext : Root WebApplicationContext: initialization completed in 997 ms
14:32:49:886  WARN 30920 --- [main] ConfigServletWebServerApplicationContext : Exception encountered during context initialization - cancelling refresh attempt: org.springframework.beans.factory.UnsatisfiedDependencyException: Error creating bean with name 'cartController' defined in file [D:\Major\Projects\SpringCloud_hm\hmall\cart-service\target\classes\com\hmall\cart\controller\CartController.class]: Unsatisfied dependency expressed through constructor parameter 0; nested exception is org.springframework.beans.factory.UnsatisfiedDependencyException: Error creating bean with name 'cartServiceImpl' defined in file [D:\Major\Projects\SpringCloud_hm\hmall\cart-service\target\classes\com\hmall\cart\service\impl\CartServiceImpl.class]: Unsatisfied dependency expressed through constructor parameter 0; nested exception is org.springframework.beans.factory.NoSuchBeanDefinitionException: No qualifying bean of type 'com.hmall.api.client.ItemClient' available: expected at least 1 bean which qualifies as autowire candidate. Dependency annotations: {}
14:32:49:888  INFO 30920 --- [main] o.apache.catalina.core.StandardService   : Stopping service [Tomcat]
14:32:49:897  INFO 30920 --- [main] ConditionEvaluationReportLoggingListener : 

Error starting ApplicationContext. To display the conditions report re-run your application with 'debug' enabled.
14:32:49:909 ERROR 30920 --- [main] o.s.b.d.LoggingFailureAnalysisReporter   : 

***************************
APPLICATION FAILED TO START
***************************

Description:

Parameter 0 of constructor in com.hmall.cart.service.impl.CartServiceImpl required a bean of type 'com.hmall.api.client.ItemClient' that could not be found.


Action:

Consider defining a bean of type 'com.hmall.api.client.ItemClient' in your configuration.

14:35:00:105  INFO 19272 --- [main] com.hmall.cart.CartApplication           : Starting CartApplication using Java 17.0.19 on Perth with PID 19272 (D:\Major\Projects\SpringCloud_hm\hmall\cart-service\target\classes started by 29648 in D:\Major\Projects\SpringCloud_hm\hmall)
14:35:00:106 DEBUG 19272 --- [main] com.hmall.cart.CartApplication           : Running with Spring Boot v2.7.12, Spring v5.3.27
14:35:00:106  INFO 19272 --- [main] com.hmall.cart.CartApplication           : The following 1 profile is active: "local"
14:35:00:743  INFO 19272 --- [main] o.s.cloud.context.scope.GenericScope     : BeanFactory id=84891e9e-bc77-3b67-8793-17016fb9820d
14:35:01:008  INFO 19272 --- [main] o.s.b.w.embedded.tomcat.TomcatWebServer  : Tomcat initialized with port(s): 8082 (http)
14:35:01:013  INFO 19272 --- [main] o.apache.catalina.core.StandardService   : Starting service [Tomcat]
14:35:01:013  INFO 19272 --- [main] org.apache.catalina.core.StandardEngine  : Starting Servlet engine: [Apache Tomcat/9.0.75]
14:35:01:124  INFO 19272 --- [main] o.a.c.c.C.[Tomcat].[localhost].[/]       : Initializing Spring embedded WebApplicationContext
14:35:01:124  INFO 19272 --- [main] w.s.c.ServletWebServerApplicationContext : Root WebApplicationContext: initialization completed in 981 ms
14:35:01:241  INFO 19272 --- [main] o.s.c.openfeign.FeignClientFactoryBean   : For 'item-service' URL not provided. Will try picking an instance via load-balancing.
14:35:01:959  INFO 19272 --- [main] pertySourcedRequestMappingHandlerMapping : Mapped URL path [/v2/api-docs] onto method [springfox.documentation.swagger2.web.Swagger2ControllerWebMvc#getDocumentation(String, HttpServletRequest)]
14:35:02:204  INFO 19272 --- [main] com.alibaba.nacos.common.remote.client   : [RpcClientFactory] create a new rpc client of 5eee827a-2175-4e3d-bee0-c9f675695253
14:35:02:240  INFO 19272 --- [main] org.reflections.Reflections              : Reflections took 16 ms to scan 1 urls, producing 3 keys and 6 values 
14:35:02:254  INFO 19272 --- [main] org.reflections.Reflections              : Reflections took 6 ms to scan 1 urls, producing 4 keys and 9 values 
14:35:02:259  INFO 19272 --- [main] org.reflections.Reflections              : Reflections took 3 ms to scan 1 urls, producing 3 keys and 10 values 
14:35:02:261  WARN 19272 --- [main] org.reflections.Reflections              : given scan urls are empty. set urls in the configuration
14:35:02:267  INFO 19272 --- [main] org.reflections.Reflections              : Reflections took 6 ms to scan 1 urls, producing 1 keys and 5 values 
14:35:02:273  INFO 19272 --- [main] org.reflections.Reflections              : Reflections took 4 ms to scan 1 urls, producing 1 keys and 7 values 
14:35:02:279  INFO 19272 --- [main] org.reflections.Reflections              : Reflections took 4 ms to scan 1 urls, producing 2 keys and 8 values 
14:35:02:280  WARN 19272 --- [main] org.reflections.Reflections              : given scan urls are empty. set urls in the configuration
14:35:02:280  INFO 19272 --- [main] com.alibaba.nacos.common.remote.client   : [5eee827a-2175-4e3d-bee0-c9f675695253] RpcClient init label, labels = {module=naming, source=sdk}
14:35:02:282  INFO 19272 --- [main] com.alibaba.nacos.common.remote.client   : [5eee827a-2175-4e3d-bee0-c9f675695253] RpcClient init, ServerListFactory = com.alibaba.nacos.client.naming.core.ServerListManager
14:35:02:282  INFO 19272 --- [main] com.alibaba.nacos.common.remote.client   : [5eee827a-2175-4e3d-bee0-c9f675695253] Registry connection listener to current client:com.alibaba.nacos.client.naming.remote.gprc.redo.NamingGrpcRedoService
14:35:02:282  INFO 19272 --- [main] com.alibaba.nacos.common.remote.client   : [5eee827a-2175-4e3d-bee0-c9f675695253] Register server push request handler:com.alibaba.nacos.client.naming.remote.gprc.NamingPushRequestHandler
14:35:02:283  INFO 19272 --- [main] com.alibaba.nacos.common.remote.client   : [5eee827a-2175-4e3d-bee0-c9f675695253] Try to connect to server on start up, server: {serverIp = '127.0.0.1', server main port = 8848}
14:35:03:007  INFO 19272 --- [main] com.alibaba.nacos.common.remote.client   : [5eee827a-2175-4e3d-bee0-c9f675695253] Success to connect to server [127.0.0.1:8848] on start up, connectionId = 1789540502843_172.17.0.1_53092
14:35:03:008  INFO 19272 --- [com.alibaba.nacos.client.remote.worker] com.alibaba.nacos.common.remote.client   : [5eee827a-2175-4e3d-bee0-c9f675695253] Notify connected event to listeners.
14:35:03:008  INFO 19272 --- [main] com.alibaba.nacos.common.remote.client   : [5eee827a-2175-4e3d-bee0-c9f675695253] Register server push request handler:com.alibaba.nacos.common.remote.client.RpcClient$ConnectResetRequestHandler
14:35:03:008  INFO 19272 --- [main] com.alibaba.nacos.common.remote.client   : [5eee827a-2175-4e3d-bee0-c9f675695253] Register server push request handler:com.alibaba.nacos.common.remote.client.RpcClient$$Lambda$1003/0x000001c3967cfac0
14:35:03:050  INFO 19272 --- [main] o.s.b.w.embedded.tomcat.TomcatWebServer  : Tomcat started on port(s): 8082 (http) with context path ''
14:35:03:060  INFO 19272 --- [main] c.a.c.n.registry.NacosServiceRegistry    : nacos registry, DEFAULT_GROUP cart-service 192.168.1.46:8082 register finished
14:35:03:164  INFO 19272 --- [main] d.s.w.p.DocumentationPluginsBootstrapper : Documentation plugins bootstrapped
14:35:03:165  INFO 19272 --- [main] d.s.w.p.DocumentationPluginsBootstrapper : Found 1 custom documentation plugin(s)
14:35:03:180  INFO 19272 --- [main] s.d.s.w.s.ApiListingReferenceScanner     : Scanning for api listing references
14:35:03:238  INFO 19272 --- [main] com.hmall.cart.CartApplication           : Started CartApplication in 3.624 seconds (JVM running for 4.156)
14:35:03:560  INFO 19272 --- [nacos-grpc-client-executor-9] com.alibaba.nacos.common.remote.client   : [5eee827a-2175-4e3d-bee0-c9f675695253] Receive server push request, request = NotifySubscriberRequest, requestId = 34
14:35:03:568  INFO 19272 --- [nacos-grpc-client-executor-9] com.alibaba.nacos.common.remote.client   : [5eee827a-2175-4e3d-bee0-c9f675695253] Ack server push request, request = NotifySubscriberRequest, requestId = 34
14:35:14:468  WARN 19272 --- [Thread-4] c.a.nacos.common.notify.NotifyCenter     : [NotifyCenter] Start destroying Publisher
14:35:14:469  WARN 19272 --- [Thread-7] c.a.n.common.http.HttpClientBeanHolder   : [HttpClientBeanHolder] Start destroying common HttpClient
14:35:14:469  WARN 19272 --- [Thread-4] c.a.nacos.common.notify.NotifyCenter     : [NotifyCenter] Destruction of the end
14:35:14:469  WARN 19272 --- [Thread-7] c.a.n.common.http.HttpClientBeanHolder   : [HttpClientBeanHolder] Destruction of the end
14:35:14:500  INFO 19272 --- [SpringApplicationShutdownHook] c.a.c.n.registry.NacosServiceRegistry    : De-registering from Nacos Server now...
14:35:14:510  INFO 19272 --- [SpringApplicationShutdownHook] c.a.c.n.registry.NacosServiceRegistry    : De-registration finished.
14:35:14:836  INFO 19272 --- [SpringApplicationShutdownHook] com.alibaba.nacos.common.remote.client   : Shutdown rpc client, set status to shutdown
14:35:14:836  INFO 19272 --- [SpringApplicationShutdownHook] com.alibaba.nacos.common.remote.client   : Shutdown client event executor java.util.concurrent.ScheduledThreadPoolExecutor@540d2f2c[Running, pool size = 2, active threads = 2, queued tasks = 0, completed tasks = 0]
14:35:14:836  INFO 19272 --- [SpringApplicationShutdownHook] com.alibaba.nacos.common.remote.client   : Close current connection 1789540502843_172.17.0.1_53092
14:35:14:841  INFO 19272 --- [SpringApplicationShutdownHook] c.a.n.c.remote.client.grpc.GrpcClient    : Shutdown grpc executor java.util.concurrent.ThreadPoolExecutor@dcbbbd8[Running, pool size = 3, active threads = 0, queued tasks = 0, completed tasks = 14]
14:35:17:402  INFO 25204 --- [main] com.hmall.cart.CartApplication           : Starting CartApplication using Java 17.0.19 on Perth with PID 25204 (D:\Major\Projects\SpringCloud_hm\hmall\cart-service\target\classes started by 29648 in D:\Major\Projects\SpringCloud_hm\hmall)
14:35:17:404 DEBUG 25204 --- [main] com.hmall.cart.CartApplication           : Running with Spring Boot v2.7.12, Spring v5.3.27
14:35:17:404  INFO 25204 --- [main] com.hmall.cart.CartApplication           : The following 1 profile is active: "local"
14:35:18:053  INFO 25204 --- [main] o.s.cloud.context.scope.GenericScope     : BeanFactory id=84891e9e-bc77-3b67-8793-17016fb9820d
14:35:18:356  INFO 25204 --- [main] o.s.b.w.embedded.tomcat.TomcatWebServer  : Tomcat initialized with port(s): 8082 (http)
14:35:18:362  INFO 25204 --- [main] o.apache.catalina.core.StandardService   : Starting service [Tomcat]
14:35:18:363  INFO 25204 --- [main] org.apache.catalina.core.StandardEngine  : Starting Servlet engine: [Apache Tomcat/9.0.75]
14:35:18:516  INFO 25204 --- [main] o.a.c.c.C.[Tomcat].[localhost].[/]       : Initializing Spring embedded WebApplicationContext
14:35:18:517  INFO 25204 --- [main] w.s.c.ServletWebServerApplicationContext : Root WebApplicationContext: initialization completed in 1078 ms
14:35:18:637  INFO 25204 --- [main] o.s.c.openfeign.FeignClientFactoryBean   : For 'item-service' URL not provided. Will try picking an instance via load-balancing.
14:35:19:381  INFO 25204 --- [main] pertySourcedRequestMappingHandlerMapping : Mapped URL path [/v2/api-docs] onto method [springfox.documentation.swagger2.web.Swagger2ControllerWebMvc#getDocumentation(String, HttpServletRequest)]
14:35:19:617  INFO 25204 --- [main] com.alibaba.nacos.common.remote.client   : [RpcClientFactory] create a new rpc client of f57752ec-6886-4ffc-a832-cb47763bf8ac
14:35:19:650  INFO 25204 --- [main] org.reflections.Reflections              : Reflections took 16 ms to scan 1 urls, producing 3 keys and 6 values 
14:35:19:664  INFO 25204 --- [main] org.reflections.Reflections              : Reflections took 5 ms to scan 1 urls, producing 4 keys and 9 values 
14:35:19:669  INFO 25204 --- [main] org.reflections.Reflections              : Reflections took 4 ms to scan 1 urls, producing 3 keys and 10 values 
14:35:19:670  WARN 25204 --- [main] org.reflections.Reflections              : given scan urls are empty. set urls in the configuration
14:35:19:677  INFO 25204 --- [main] org.reflections.Reflections              : Reflections took 6 ms to scan 1 urls, producing 1 keys and 5 values 
14:35:19:682  INFO 25204 --- [main] org.reflections.Reflections              : Reflections took 4 ms to scan 1 urls, producing 1 keys and 7 values 
14:35:19:687  INFO 25204 --- [main] org.reflections.Reflections              : Reflections took 3 ms to scan 1 urls, producing 2 keys and 8 values 
14:35:19:688  WARN 25204 --- [main] org.reflections.Reflections              : given scan urls are empty. set urls in the configuration
14:35:19:689  INFO 25204 --- [main] com.alibaba.nacos.common.remote.client   : [f57752ec-6886-4ffc-a832-cb47763bf8ac] RpcClient init label, labels = {module=naming, source=sdk}
14:35:19:690  INFO 25204 --- [main] com.alibaba.nacos.common.remote.client   : [f57752ec-6886-4ffc-a832-cb47763bf8ac] RpcClient init, ServerListFactory = com.alibaba.nacos.client.naming.core.ServerListManager
14:35:19:690  INFO 25204 --- [main] com.alibaba.nacos.common.remote.client   : [f57752ec-6886-4ffc-a832-cb47763bf8ac] Registry connection listener to current client:com.alibaba.nacos.client.naming.remote.gprc.redo.NamingGrpcRedoService
14:35:19:691  INFO 25204 --- [main] com.alibaba.nacos.common.remote.client   : [f57752ec-6886-4ffc-a832-cb47763bf8ac] Register server push request handler:com.alibaba.nacos.client.naming.remote.gprc.NamingPushRequestHandler
14:35:19:692  INFO 25204 --- [main] com.alibaba.nacos.common.remote.client   : [f57752ec-6886-4ffc-a832-cb47763bf8ac] Try to connect to server on start up, server: {serverIp = '127.0.0.1', server main port = 8848}
14:35:20:348  INFO 25204 --- [main] com.alibaba.nacos.common.remote.client   : [f57752ec-6886-4ffc-a832-cb47763bf8ac] Success to connect to server [127.0.0.1:8848] on start up, connectionId = 1789540520180_172.17.0.1_49380
14:35:20:349  INFO 25204 --- [com.alibaba.nacos.client.remote.worker] com.alibaba.nacos.common.remote.client   : [f57752ec-6886-4ffc-a832-cb47763bf8ac] Notify connected event to listeners.
14:35:20:349  INFO 25204 --- [main] com.alibaba.nacos.common.remote.client   : [f57752ec-6886-4ffc-a832-cb47763bf8ac] Register server push request handler:com.alibaba.nacos.common.remote.client.RpcClient$ConnectResetRequestHandler
14:35:20:349  INFO 25204 --- [main] com.alibaba.nacos.common.remote.client   : [f57752ec-6886-4ffc-a832-cb47763bf8ac] Register server push request handler:com.alibaba.nacos.common.remote.client.RpcClient$$Lambda$1003/0x000002d5dd7cfcd0
14:35:20:411  INFO 25204 --- [main] o.s.b.w.embedded.tomcat.TomcatWebServer  : Tomcat started on port(s): 8082 (http) with context path ''
14:35:20:424  INFO 25204 --- [main] c.a.c.n.registry.NacosServiceRegistry    : nacos registry, DEFAULT_GROUP cart-service 192.168.1.46:8082 register finished
14:35:20:558  INFO 25204 --- [main] d.s.w.p.DocumentationPluginsBootstrapper : Documentation plugins bootstrapped
14:35:20:560  INFO 25204 --- [main] d.s.w.p.DocumentationPluginsBootstrapper : Found 1 custom documentation plugin(s)
14:35:20:575  INFO 25204 --- [main] s.d.s.w.s.ApiListingReferenceScanner     : Scanning for api listing references
14:35:20:637  INFO 25204 --- [main] com.hmall.cart.CartApplication           : Started CartApplication in 3.796 seconds (JVM running for 4.356)
14:35:20:890  INFO 25204 --- [nacos-grpc-client-executor-9] com.alibaba.nacos.common.remote.client   : [f57752ec-6886-4ffc-a832-cb47763bf8ac] Receive server push request, request = NotifySubscriberRequest, requestId = 39
14:35:20:895  INFO 25204 --- [nacos-grpc-client-executor-9] com.alibaba.nacos.common.remote.client   : [f57752ec-6886-4ffc-a832-cb47763bf8ac] Ack server push request, request = NotifySubscriberRequest, requestId = 39
14:35:28:928  INFO 25204 --- [http-nio-8082-exec-1] o.a.c.c.C.[Tomcat].[localhost].[/]       : Initializing Spring DispatcherServlet 'dispatcherServlet'
14:35:28:928  INFO 25204 --- [http-nio-8082-exec-1] o.s.web.servlet.DispatcherServlet        : Initializing Servlet 'dispatcherServlet'
14:35:28:929  INFO 25204 --- [http-nio-8082-exec-1] o.s.web.servlet.DispatcherServlet        : Completed initialization in 1 ms
14:35:29:045  INFO 25204 --- [http-nio-8082-exec-1] com.zaxxer.hikari.HikariDataSource       : HikariPool-1 - Starting...
14:35:29:362  INFO 25204 --- [http-nio-8082-exec-1] com.zaxxer.hikari.HikariDataSource       : HikariPool-1 - Start completed.
14:35:29:366 DEBUG 25204 --- [http-nio-8082-exec-1] c.h.cart.mapper.CartMapper.selectList    : ==>  Preparing: SELECT id,user_id,item_id,num,name,spec,price,image,create_time,update_time FROM cart WHERE (user_id = ?)
14:35:29:386 DEBUG 25204 --- [http-nio-8082-exec-1] c.h.cart.mapper.CartMapper.selectList    : ==> Parameters: 1(Long)
14:35:29:561 DEBUG 25204 --- [http-nio-8082-exec-1] c.h.cart.mapper.CartMapper.selectList    : <==      Total: 1
14:35:30:396  INFO 25204 --- [nacos-grpc-client-executor-14] com.alibaba.nacos.common.remote.client   : [f57752ec-6886-4ffc-a832-cb47763bf8ac] Receive server push request, request = NotifySubscriberRequest, requestId = 40
14:35:30:397  INFO 25204 --- [nacos-grpc-client-executor-14] com.alibaba.nacos.common.remote.client   : [f57752ec-6886-4ffc-a832-cb47763bf8ac] Ack server push request, request = NotifySubscriberRequest, requestId = 40
14:35:31:921 DEBUG 25204 --- [http-nio-8082-exec-3] c.h.cart.mapper.CartMapper.selectList    : ==>  Preparing: SELECT id,user_id,item_id,num,name,spec,price,image,create_time,update_time FROM cart WHERE (user_id = ?)
14:35:31:922 DEBUG 25204 --- [http-nio-8082-exec-3] c.h.cart.mapper.CartMapper.selectList    : ==> Parameters: 1(Long)
14:35:31:924 DEBUG 25204 --- [http-nio-8082-exec-3] c.h.cart.mapper.CartMapper.selectList    : <==      Total: 1
14:35:32:978 DEBUG 25204 --- [http-nio-8082-exec-4] c.h.cart.mapper.CartMapper.selectList    : ==>  Preparing: SELECT id,user_id,item_id,num,name,spec,price,image,create_time,update_time FROM cart WHERE (user_id = ?)
14:35:32:979 DEBUG 25204 --- [http-nio-8082-exec-4] c.h.cart.mapper.CartMapper.selectList    : ==> Parameters: 1(Long)
14:35:32:981 DEBUG 25204 --- [http-nio-8082-exec-4] c.h.cart.mapper.CartMapper.selectList    : <==      Total: 1
14:35:33:657 DEBUG 25204 --- [http-nio-8082-exec-2] c.h.cart.mapper.CartMapper.selectList    : ==>  Preparing: SELECT id,user_id,item_id,num,name,spec,price,image,create_time,update_time FROM cart WHERE (user_id = ?)
14:35:33:658 DEBUG 25204 --- [http-nio-8082-exec-2] c.h.cart.mapper.CartMapper.selectList    : ==> Parameters: 1(Long)
14:35:33:661 DEBUG 25204 --- [http-nio-8082-exec-2] c.h.cart.mapper.CartMapper.selectList    : <==      Total: 1
14:35:34:106 DEBUG 25204 --- [http-nio-8082-exec-5] c.h.cart.mapper.CartMapper.selectList    : ==>  Preparing: SELECT id,user_id,item_id,num,name,spec,price,image,create_time,update_time FROM cart WHERE (user_id = ?)
14:35:34:107 DEBUG 25204 --- [http-nio-8082-exec-5] c.h.cart.mapper.CartMapper.selectList    : ==> Parameters: 1(Long)
14:35:34:110 DEBUG 25204 --- [http-nio-8082-exec-5] c.h.cart.mapper.CartMapper.selectList    : <==      Total: 1
14:44:53:563  WARN 25204 --- [Thread-4] c.a.nacos.common.notify.NotifyCenter     : [NotifyCenter] Start destroying Publisher
14:44:53:563  WARN 25204 --- [Thread-7] c.a.n.common.http.HttpClientBeanHolder   : [HttpClientBeanHolder] Start destroying common HttpClient
14:44:53:563  WARN 25204 --- [Thread-4] c.a.nacos.common.notify.NotifyCenter     : [NotifyCenter] Destruction of the end
14:44:53:564  WARN 25204 --- [Thread-7] c.a.n.common.http.HttpClientBeanHolder   : [HttpClientBeanHolder] Destruction of the end
14:44:53:592  INFO 25204 --- [SpringApplicationShutdownHook] c.a.c.n.registry.NacosServiceRegistry    : De-registering from Nacos Server now...
14:44:53:596  INFO 25204 --- [SpringApplicationShutdownHook] c.a.c.n.registry.NacosServiceRegistry    : De-registration finished.
14:44:53:902  INFO 25204 --- [SpringApplicationShutdownHook] com.alibaba.nacos.common.remote.client   : Shutdown rpc client, set status to shutdown
14:44:53:902  INFO 25204 --- [SpringApplicationShutdownHook] com.alibaba.nacos.common.remote.client   : Shutdown client event executor java.util.concurrent.ScheduledThreadPoolExecutor@3360429b[Running, pool size = 2, active threads = 2, queued tasks = 0, completed tasks = 0]
14:44:53:902  INFO 25204 --- [SpringApplicationShutdownHook] com.alibaba.nacos.common.remote.client   : Close current connection 1789540520180_172.17.0.1_49380
14:44:53:907  INFO 25204 --- [SpringApplicationShutdownHook] c.a.n.c.remote.client.grpc.GrpcClient    : Shutdown grpc executor java.util.concurrent.ThreadPoolExecutor@62892ff0[Running, pool size = 5, active threads = 1, queued tasks = 0, completed tasks = 139]
14:44:53:907  INFO 25204 --- [nacos-grpc-client-executor-139] c.a.n.c.remote.client.grpc.GrpcClient    : [1789540520180_172.17.0.1_49380]Ignore complete event,isRunning:false,isAbandon=false
14:44:53:909  INFO 25204 --- [SpringApplicationShutdownHook] com.zaxxer.hikari.HikariDataSource       : HikariPool-1 - Shutdown initiated...
14:44:53:919  INFO 25204 --- [SpringApplicationShutdownHook] com.zaxxer.hikari.HikariDataSource       : HikariPool-1 - Shutdown completed.
14:44:58:314  INFO 31716 --- [main] com.hmall.cart.CartApplication           : Starting CartApplication using Java 17.0.19 on Perth with PID 31716 (D:\Major\Projects\SpringCloud_hm\hmall\cart-service\target\classes started by 29648 in D:\Major\Projects\SpringCloud_hm\hmall)
14:44:58:317 DEBUG 31716 --- [main] com.hmall.cart.CartApplication           : Running with Spring Boot v2.7.12, Spring v5.3.27
14:44:58:317  INFO 31716 --- [main] com.hmall.cart.CartApplication           : The following 1 profile is active: "local"
14:44:59:167  INFO 31716 --- [main] o.s.cloud.context.scope.GenericScope     : BeanFactory id=84891e9e-bc77-3b67-8793-17016fb9820d
14:44:59:533  INFO 31716 --- [main] o.s.b.w.embedded.tomcat.TomcatWebServer  : Tomcat initialized with port(s): 8082 (http)
14:44:59:540  INFO 31716 --- [main] o.apache.catalina.core.StandardService   : Starting service [Tomcat]
14:44:59:540  INFO 31716 --- [main] org.apache.catalina.core.StandardEngine  : Starting Servlet engine: [Apache Tomcat/9.0.75]
14:44:59:677  INFO 31716 --- [main] o.a.c.c.C.[Tomcat].[localhost].[/]       : Initializing Spring embedded WebApplicationContext
14:44:59:678  INFO 31716 --- [main] w.s.c.ServletWebServerApplicationContext : Root WebApplicationContext: initialization completed in 1320 ms
14:44:59:818  INFO 31716 --- [main] o.s.c.openfeign.FeignClientFactoryBean   : For 'item-service' URL not provided. Will try picking an instance via load-balancing.
14:45:00:837  INFO 31716 --- [main] pertySourcedRequestMappingHandlerMapping : Mapped URL path [/v2/api-docs] onto method [springfox.documentation.swagger2.web.Swagger2ControllerWebMvc#getDocumentation(String, HttpServletRequest)]
14:45:01:195  INFO 31716 --- [main] com.alibaba.nacos.common.remote.client   : [RpcClientFactory] create a new rpc client of 1a68970d-33ec-410d-8305-ca8e996940c8
14:45:01:246  INFO 31716 --- [main] org.reflections.Reflections              : Reflections took 23 ms to scan 1 urls, producing 3 keys and 6 values 
14:45:01:264  INFO 31716 --- [main] org.reflections.Reflections              : Reflections took 7 ms to scan 1 urls, producing 4 keys and 9 values 
14:45:01:272  INFO 31716 --- [main] org.reflections.Reflections              : Reflections took 6 ms to scan 1 urls, producing 3 keys and 10 values 
14:45:01:273  WARN 31716 --- [main] org.reflections.Reflections              : given scan urls are empty. set urls in the configuration
14:45:01:282  INFO 31716 --- [main] org.reflections.Reflections              : Reflections took 8 ms to scan 1 urls, producing 1 keys and 5 values 
14:45:01:289  INFO 31716 --- [main] org.reflections.Reflections              : Reflections took 5 ms to scan 1 urls, producing 1 keys and 7 values 
14:45:01:296  INFO 31716 --- [main] org.reflections.Reflections              : Reflections took 5 ms to scan 1 urls, producing 2 keys and 8 values 
14:45:01:298  WARN 31716 --- [main] org.reflections.Reflections              : given scan urls are empty. set urls in the configuration
14:45:01:299  INFO 31716 --- [main] com.alibaba.nacos.common.remote.client   : [1a68970d-33ec-410d-8305-ca8e996940c8] RpcClient init label, labels = {module=naming, source=sdk}
14:45:01:300  INFO 31716 --- [main] com.alibaba.nacos.common.remote.client   : [1a68970d-33ec-410d-8305-ca8e996940c8] RpcClient init, ServerListFactory = com.alibaba.nacos.client.naming.core.ServerListManager
14:45:01:300  INFO 31716 --- [main] com.alibaba.nacos.common.remote.client   : [1a68970d-33ec-410d-8305-ca8e996940c8] Registry connection listener to current client:com.alibaba.nacos.client.naming.remote.gprc.redo.NamingGrpcRedoService
14:45:01:300  INFO 31716 --- [main] com.alibaba.nacos.common.remote.client   : [1a68970d-33ec-410d-8305-ca8e996940c8] Register server push request handler:com.alibaba.nacos.client.naming.remote.gprc.NamingPushRequestHandler
14:45:01:301  INFO 31716 --- [main] com.alibaba.nacos.common.remote.client   : [1a68970d-33ec-410d-8305-ca8e996940c8] Try to connect to server on start up, server: {serverIp = '127.0.0.1', server main port = 8848}
14:45:02:226  INFO 31716 --- [main] com.alibaba.nacos.common.remote.client   : [1a68970d-33ec-410d-8305-ca8e996940c8] Success to connect to server [127.0.0.1:8848] on start up, connectionId = 1789541102047_172.17.0.1_55788
14:45:02:226  INFO 31716 --- [com.alibaba.nacos.client.remote.worker] com.alibaba.nacos.common.remote.client   : [1a68970d-33ec-410d-8305-ca8e996940c8] Notify connected event to listeners.
14:45:02:226  INFO 31716 --- [main] com.alibaba.nacos.common.remote.client   : [1a68970d-33ec-410d-8305-ca8e996940c8] Register server push request handler:com.alibaba.nacos.common.remote.client.RpcClient$ConnectResetRequestHandler
14:45:02:227  INFO 31716 --- [main] com.alibaba.nacos.common.remote.client   : [1a68970d-33ec-410d-8305-ca8e996940c8] Register server push request handler:com.alibaba.nacos.common.remote.client.RpcClient$$Lambda$1003/0x000001cf017d1688
14:45:02:270  INFO 31716 --- [main] o.s.b.w.embedded.tomcat.TomcatWebServer  : Tomcat started on port(s): 8082 (http) with context path ''
14:45:02:281  INFO 31716 --- [main] c.a.c.n.registry.NacosServiceRegistry    : nacos registry, DEFAULT_GROUP cart-service 192.168.1.46:8082 register finished
14:45:02:401  INFO 31716 --- [main] d.s.w.p.DocumentationPluginsBootstrapper : Documentation plugins bootstrapped
14:45:02:402  INFO 31716 --- [main] d.s.w.p.DocumentationPluginsBootstrapper : Found 1 custom documentation plugin(s)
14:45:02:418  INFO 31716 --- [main] s.d.s.w.s.ApiListingReferenceScanner     : Scanning for api listing references
14:45:02:481  INFO 31716 --- [main] com.hmall.cart.CartApplication           : Started CartApplication in 4.666 seconds (JVM running for 5.203)
14:45:02:821  INFO 31716 --- [nacos-grpc-client-executor-9] com.alibaba.nacos.common.remote.client   : [1a68970d-33ec-410d-8305-ca8e996940c8] Receive server push request, request = NotifySubscriberRequest, requestId = 42
14:45:02:830  INFO 31716 --- [nacos-grpc-client-executor-9] com.alibaba.nacos.common.remote.client   : [1a68970d-33ec-410d-8305-ca8e996940c8] Ack server push request, request = NotifySubscriberRequest, requestId = 42
14:45:16:754  INFO 31716 --- [http-nio-8082-exec-1] o.a.c.c.C.[Tomcat].[localhost].[/]       : Initializing Spring DispatcherServlet 'dispatcherServlet'
14:45:16:754  INFO 31716 --- [http-nio-8082-exec-1] o.s.web.servlet.DispatcherServlet        : Initializing Servlet 'dispatcherServlet'
14:45:16:755  INFO 31716 --- [http-nio-8082-exec-1] o.s.web.servlet.DispatcherServlet        : Completed initialization in 1 ms
14:45:16:862  INFO 31716 --- [http-nio-8082-exec-1] com.zaxxer.hikari.HikariDataSource       : HikariPool-1 - Starting...
14:45:17:101  INFO 31716 --- [http-nio-8082-exec-1] com.zaxxer.hikari.HikariDataSource       : HikariPool-1 - Start completed.
14:45:17:106 DEBUG 31716 --- [http-nio-8082-exec-1] c.h.cart.mapper.CartMapper.selectList    : ==>  Preparing: SELECT id,user_id,item_id,num,name,spec,price,image,create_time,update_time FROM cart WHERE (user_id = ?)
14:45:17:125 DEBUG 31716 --- [http-nio-8082-exec-1] c.h.cart.mapper.CartMapper.selectList    : ==> Parameters: 1(Long)
14:45:17:151 DEBUG 31716 --- [http-nio-8082-exec-1] c.h.cart.mapper.CartMapper.selectList    : <==      Total: 1
14:45:17:190 DEBUG 31716 --- [http-nio-8082-exec-1] com.hmall.api.client.ItemClient          : [ItemClient#queryItemByIds] ---> GET http://item-service/items?ids=100000006163 HTTP/1.1
14:45:17:190 DEBUG 31716 --- [http-nio-8082-exec-1] com.hmall.api.client.ItemClient          : [ItemClient#queryItemByIds] ---> END HTTP (0-byte body)
14:45:17:838  INFO 31716 --- [nacos-grpc-client-executor-15] com.alibaba.nacos.common.remote.client   : [1a68970d-33ec-410d-8305-ca8e996940c8] Receive server push request, request = NotifySubscriberRequest, requestId = 46
14:45:17:838  INFO 31716 --- [nacos-grpc-client-executor-15] com.alibaba.nacos.common.remote.client   : [1a68970d-33ec-410d-8305-ca8e996940c8] Ack server push request, request = NotifySubscriberRequest, requestId = 46
14:45:17:964 DEBUG 31716 --- [http-nio-8082-exec-1] com.hmall.api.client.ItemClient          : [ItemClient#queryItemByIds] <--- HTTP/1.1 200  (774ms)
14:45:17:964 DEBUG 31716 --- [http-nio-8082-exec-1] com.hmall.api.client.ItemClient          : [ItemClient#queryItemByIds] connection: keep-alive
14:45:17:965 DEBUG 31716 --- [http-nio-8082-exec-1] com.hmall.api.client.ItemClient          : [ItemClient#queryItemByIds] content-type: application/json
14:45:17:965 DEBUG 31716 --- [http-nio-8082-exec-1] com.hmall.api.client.ItemClient          : [ItemClient#queryItemByIds] date: Wed, 16 Sep 2026 06:45:17 GMT
14:45:17:965 DEBUG 31716 --- [http-nio-8082-exec-1] com.hmall.api.client.ItemClient          : [ItemClient#queryItemByIds] keep-alive: timeout=60
14:45:17:965 DEBUG 31716 --- [http-nio-8082-exec-1] com.hmall.api.client.ItemClient          : [ItemClient#queryItemByIds] transfer-encoding: chunked
14:45:17:965 DEBUG 31716 --- [http-nio-8082-exec-1] com.hmall.api.client.ItemClient          : [ItemClient#queryItemByIds] 
14:45:17:966 DEBUG 31716 --- [http-nio-8082-exec-1] com.hmall.api.client.ItemClient          : [ItemClient#queryItemByIds] [{"id":"100000006163","name":"巴布豆(BOBDOG)柔薄悦动婴儿拉拉裤XXL码80片(15kg以上)","price":54100,"stock":10000,"image":"https://m.360buyimg.com/mobilecms/s720x720_jfs/t23998/350/2363990466/222391/a6e9581d/5b7cba5bN0c18fb4f.jpg!q70.jpg.webp","category":"拉拉裤","brand":"巴布豆","spec":"{}","sold":11,"commentCount":33343434,"isAD":false,"status":2}]
14:45:17:966 DEBUG 31716 --- [http-nio-8082-exec-1] com.hmall.api.client.ItemClient          : [ItemClient#queryItemByIds] <--- END HTTP (371-byte body)
18:29:00:689  INFO 31716 --- [nacos-grpc-client-executor-496] com.alibaba.nacos.common.remote.client   : [1a68970d-33ec-410d-8305-ca8e996940c8] Receive server push request, request = ClientDetectionRequest, requestId = 47
18:29:00:703  INFO 31716 --- [nacos-grpc-client-executor-496] com.alibaba.nacos.common.remote.client   : [1a68970d-33ec-410d-8305-ca8e996940c8] Ack server push request, request = ClientDetectionRequest, requestId = 47
18:29:20:222  WARN 31716 --- [HikariPool-1 housekeeper] com.zaxxer.hikari.pool.HikariPool        : HikariPool-1 - Thread starvation or clock leap detected (housekeeper delta=3h6m2s395ms767µs400ns).
19:30:40:628  WARN 31716 --- [Thread-4] c.a.nacos.common.notify.NotifyCenter     : [NotifyCenter] Start destroying Publisher
19:30:40:628  WARN 31716 --- [Thread-7] c.a.n.common.http.HttpClientBeanHolder   : [HttpClientBeanHolder] Start destroying common HttpClient
19:30:40:628  WARN 31716 --- [Thread-4] c.a.nacos.common.notify.NotifyCenter     : [NotifyCenter] Destruction of the end
19:30:40:629  WARN 31716 --- [Thread-7] c.a.n.common.http.HttpClientBeanHolder   : [HttpClientBeanHolder] Destruction of the end
19:30:40:657  INFO 31716 --- [SpringApplicationShutdownHook] c.a.c.n.registry.NacosServiceRegistry    : De-registering from Nacos Server now...
19:30:40:664  INFO 31716 --- [SpringApplicationShutdownHook] c.a.c.n.registry.NacosServiceRegistry    : De-registration finished.
19:30:40:996  INFO 31716 --- [SpringApplicationShutdownHook] com.alibaba.nacos.common.remote.client   : Shutdown rpc client, set status to shutdown
19:30:40:996  INFO 31716 --- [SpringApplicationShutdownHook] com.alibaba.nacos.common.remote.client   : Shutdown client event executor java.util.concurrent.ScheduledThreadPoolExecutor@41eb3b61[Running, pool size = 2, active threads = 2, queued tasks = 0, completed tasks = 0]
19:30:40:996  INFO 31716 --- [SpringApplicationShutdownHook] com.alibaba.nacos.common.remote.client   : Close current connection 1789541102047_172.17.0.1_55788
19:30:41:006  INFO 31716 --- [SpringApplicationShutdownHook] c.a.n.c.remote.client.grpc.GrpcClient    : Shutdown grpc executor java.util.concurrent.ThreadPoolExecutor@726a69a3[Running, pool size = 5, active threads = 0, queued tasks = 0, completed tasks = 1344]
19:30:41:006  INFO 31716 --- [nacos-grpc-client-executor-1344] c.a.n.c.remote.client.grpc.GrpcClient    : [1789541102047_172.17.0.1_55788]Ignore complete event,isRunning:false,isAbandon=false
19:30:41:007  INFO 31716 --- [SpringApplicationShutdownHook] com.zaxxer.hikari.HikariDataSource       : HikariPool-1 - Shutdown initiated...
19:30:41:018  INFO 31716 --- [SpringApplicationShutdownHook] com.zaxxer.hikari.HikariDataSource       : HikariPool-1 - Shutdown completed.
