19:11:58:055  INFO 30788 --- [main] com.hmall.user.UserApplication           : Starting UserApplication using Java 17.0.19 on Perth with PID 30788 (D:\Major\Projects\SpringCloud_hm\hmall\user-service\target\classes started by 29648 in D:\Major\Projects\SpringCloud_hm\hmall)
19:11:58:056 DEBUG 30788 --- [main] com.hmall.user.UserApplication           : Running with Spring Boot v2.7.12, Spring v5.3.27
19:11:58:057  INFO 30788 --- [main] com.hmall.user.UserApplication           : The following 1 profile is active: "local"
19:11:58:713  INFO 30788 --- [main] o.s.cloud.context.scope.GenericScope     : BeanFactory id=e0444822-0707-38d9-9f94-396ddd435abc
19:11:59:015  INFO 30788 --- [main] o.s.b.w.embedded.tomcat.TomcatWebServer  : Tomcat initialized with port(s): 8084 (http)
19:11:59:024  INFO 30788 --- [main] o.apache.catalina.core.StandardService   : Starting service [Tomcat]
19:11:59:024  INFO 30788 --- [main] org.apache.catalina.core.StandardEngine  : Starting Servlet engine: [Apache Tomcat/9.0.75]
19:11:59:150  INFO 30788 --- [main] o.a.c.c.C.[Tomcat].[localhost].[/]       : Initializing Spring embedded WebApplicationContext
19:11:59:151  INFO 30788 --- [main] w.s.c.ServletWebServerApplicationContext : Root WebApplicationContext: initialization completed in 1062 ms
19:12:00:115  INFO 30788 --- [main] pertySourcedRequestMappingHandlerMapping : Mapped URL path [/v2/api-docs] onto method [springfox.documentation.swagger2.web.Swagger2ControllerWebMvc#getDocumentation(String, HttpServletRequest)]
19:12:00:387  INFO 30788 --- [main] com.alibaba.nacos.common.remote.client   : [RpcClientFactory] create a new rpc client of d97504bc-6b12-4005-8dbd-22a4ff108ad6
19:12:00:421  INFO 30788 --- [main] org.reflections.Reflections              : Reflections took 17 ms to scan 1 urls, producing 3 keys and 6 values 
19:12:00:437  INFO 30788 --- [main] org.reflections.Reflections              : Reflections took 5 ms to scan 1 urls, producing 4 keys and 9 values 
19:12:00:446  INFO 30788 --- [main] org.reflections.Reflections              : Reflections took 7 ms to scan 1 urls, producing 3 keys and 10 values 
19:12:00:447  WARN 30788 --- [main] org.reflections.Reflections              : given scan urls are empty. set urls in the configuration
19:12:00:451  INFO 30788 --- [main] org.reflections.Reflections              : Reflections took 3 ms to scan 1 urls, producing 1 keys and 5 values 
19:12:00:457  INFO 30788 --- [main] org.reflections.Reflections              : Reflections took 4 ms to scan 1 urls, producing 1 keys and 7 values 
19:12:00:462  INFO 30788 --- [main] org.reflections.Reflections              : Reflections took 4 ms to scan 1 urls, producing 2 keys and 8 values 
19:12:00:463  WARN 30788 --- [main] org.reflections.Reflections              : given scan urls are empty. set urls in the configuration
19:12:00:464  INFO 30788 --- [main] com.alibaba.nacos.common.remote.client   : [d97504bc-6b12-4005-8dbd-22a4ff108ad6] RpcClient init label, labels = {module=naming, source=sdk}
19:12:00:465  INFO 30788 --- [main] com.alibaba.nacos.common.remote.client   : [d97504bc-6b12-4005-8dbd-22a4ff108ad6] RpcClient init, ServerListFactory = com.alibaba.nacos.client.naming.core.ServerListManager
19:12:00:465  INFO 30788 --- [main] com.alibaba.nacos.common.remote.client   : [d97504bc-6b12-4005-8dbd-22a4ff108ad6] Registry connection listener to current client:com.alibaba.nacos.client.naming.remote.gprc.redo.NamingGrpcRedoService
19:12:00:466  INFO 30788 --- [main] com.alibaba.nacos.common.remote.client   : [d97504bc-6b12-4005-8dbd-22a4ff108ad6] Register server push request handler:com.alibaba.nacos.client.naming.remote.gprc.NamingPushRequestHandler
19:12:00:467  INFO 30788 --- [main] com.alibaba.nacos.common.remote.client   : [d97504bc-6b12-4005-8dbd-22a4ff108ad6] Try to connect to server on start up, server: {serverIp = '127.0.0.1', server main port = 8848}
19:12:01:266  INFO 30788 --- [main] com.alibaba.nacos.common.remote.client   : [d97504bc-6b12-4005-8dbd-22a4ff108ad6] Success to connect to server [127.0.0.1:8848] on start up, connectionId = 1789557121116_172.17.0.1_52202
19:12:01:267  INFO 30788 --- [com.alibaba.nacos.client.remote.worker] com.alibaba.nacos.common.remote.client   : [d97504bc-6b12-4005-8dbd-22a4ff108ad6] Notify connected event to listeners.
19:12:01:267  INFO 30788 --- [main] com.alibaba.nacos.common.remote.client   : [d97504bc-6b12-4005-8dbd-22a4ff108ad6] Register server push request handler:com.alibaba.nacos.common.remote.client.RpcClient$ConnectResetRequestHandler
19:12:01:267  INFO 30788 --- [main] com.alibaba.nacos.common.remote.client   : [d97504bc-6b12-4005-8dbd-22a4ff108ad6] Register server push request handler:com.alibaba.nacos.common.remote.client.RpcClient$$Lambda$969/0x000001d0017c9688
19:12:01:310  INFO 30788 --- [main] o.s.b.w.embedded.tomcat.TomcatWebServer  : Tomcat started on port(s): 8084 (http) with context path ''
19:12:01:324  INFO 30788 --- [main] c.a.c.n.registry.NacosServiceRegistry    : nacos registry, DEFAULT_GROUP user-service 192.168.1.46:8084 register finished
19:12:01:445  INFO 30788 --- [main] d.s.w.p.DocumentationPluginsBootstrapper : Documentation plugins bootstrapped
19:12:01:447  INFO 30788 --- [main] d.s.w.p.DocumentationPluginsBootstrapper : Found 1 custom documentation plugin(s)
19:12:01:460  INFO 30788 --- [main] s.d.s.w.s.ApiListingReferenceScanner     : Scanning for api listing references
19:12:01:529  INFO 30788 --- [main] com.hmall.user.UserApplication           : Started UserApplication in 4.023 seconds (JVM running for 4.758)
19:12:01:859  INFO 30788 --- [nacos-grpc-client-executor-9] com.alibaba.nacos.common.remote.client   : [d97504bc-6b12-4005-8dbd-22a4ff108ad6] Receive server push request, request = NotifySubscriberRequest, requestId = 49
19:12:01:863  INFO 30788 --- [nacos-grpc-client-executor-9] com.alibaba.nacos.common.remote.client   : [d97504bc-6b12-4005-8dbd-22a4ff108ad6] Ack server push request, request = NotifySubscriberRequest, requestId = 49
19:13:05:142  INFO 30788 --- [http-nio-8084-exec-1] o.a.c.c.C.[Tomcat].[localhost].[/]       : Initializing Spring DispatcherServlet 'dispatcherServlet'
19:13:05:142  INFO 30788 --- [http-nio-8084-exec-1] o.s.web.servlet.DispatcherServlet        : Initializing Servlet 'dispatcherServlet'
19:13:05:144  INFO 30788 --- [http-nio-8084-exec-1] o.s.web.servlet.DispatcherServlet        : Completed initialization in 1 ms
19:13:49:391  INFO 30788 --- [http-nio-8084-exec-8] com.zaxxer.hikari.HikariDataSource       : HikariPool-1 - Starting...
19:13:49:719  INFO 30788 --- [http-nio-8084-exec-8] com.zaxxer.hikari.HikariDataSource       : HikariPool-1 - Start completed.
19:13:49:729 DEBUG 30788 --- [http-nio-8084-exec-8] c.h.user.mapper.UserMapper.selectOne     : ==>  Preparing: SELECT id,username,password,phone,create_time,update_time,status,balance FROM user WHERE (username = ?)
19:13:49:758 DEBUG 30788 --- [http-nio-8084-exec-8] c.h.user.mapper.UserMapper.selectOne     : ==> Parameters: jack(String)
19:13:49:787 DEBUG 30788 --- [http-nio-8084-exec-8] c.h.user.mapper.UserMapper.selectOne     : <==      Total: 1
19:30:40:620  WARN 30788 --- [Thread-4] c.a.nacos.common.notify.NotifyCenter     : [NotifyCenter] Start destroying Publisher
19:30:40:621  WARN 30788 --- [Thread-7] c.a.n.common.http.HttpClientBeanHolder   : [HttpClientBeanHolder] Start destroying common HttpClient
19:30:40:621  WARN 30788 --- [Thread-4] c.a.nacos.common.notify.NotifyCenter     : [NotifyCenter] Destruction of the end
19:30:40:621  WARN 30788 --- [Thread-7] c.a.n.common.http.HttpClientBeanHolder   : [HttpClientBeanHolder] Destruction of the end
19:30:40:652  INFO 30788 --- [SpringApplicationShutdownHook] c.a.c.n.registry.NacosServiceRegistry    : De-registering from Nacos Server now...
19:30:40:657  INFO 30788 --- [SpringApplicationShutdownHook] c.a.c.n.registry.NacosServiceRegistry    : De-registration finished.
19:30:40:981  INFO 30788 --- [SpringApplicationShutdownHook] com.alibaba.nacos.common.remote.client   : Shutdown rpc client, set status to shutdown
19:30:40:981  INFO 30788 --- [SpringApplicationShutdownHook] com.alibaba.nacos.common.remote.client   : Shutdown client event executor java.util.concurrent.ScheduledThreadPoolExecutor@1c462bf1[Running, pool size = 2, active threads = 2, queued tasks = 0, completed tasks = 0]
19:30:40:981  INFO 30788 --- [SpringApplicationShutdownHook] com.alibaba.nacos.common.remote.client   : Close current connection 1789557121116_172.17.0.1_52202
19:30:40:988  INFO 30788 --- [SpringApplicationShutdownHook] c.a.n.c.remote.client.grpc.GrpcClient    : Shutdown grpc executor java.util.concurrent.ThreadPoolExecutor@2e7b1ce9[Running, pool size = 5, active threads = 1, queued tasks = 0, completed tasks = 252]
19:30:40:988  INFO 30788 --- [nacos-grpc-client-executor-252] c.a.n.c.remote.client.grpc.GrpcClient    : [1789557121116_172.17.0.1_52202]Ignore complete event,isRunning:false,isAbandon=false
19:30:40:991  INFO 30788 --- [SpringApplicationShutdownHook] com.zaxxer.hikari.HikariDataSource       : HikariPool-1 - Shutdown initiated...
19:30:41:006  INFO 30788 --- [SpringApplicationShutdownHook] com.zaxxer.hikari.HikariDataSource       : HikariPool-1 - Shutdown completed.
20:17:11:711  INFO 34536 --- [main] com.hmall.trade.TradeApplication         : Starting TradeApplication using Java 17.0.19 on Perth with PID 34536 (D:\Major\Projects\SpringCloud_hm\hmall\trade-service\target\classes started by 29648 in D:\Major\Projects\SpringCloud_hm\hmall)
20:17:11:713 DEBUG 34536 --- [main] com.hmall.trade.TradeApplication         : Running with Spring Boot v2.7.12, Spring v5.3.27
20:17:11:713  INFO 34536 --- [main] com.hmall.trade.TradeApplication         : The following 1 profile is active: "local"
20:17:12:306  INFO 34536 --- [main] .s.d.r.c.RepositoryConfigurationDelegate : Multiple Spring Data modules found, entering strict repository configuration mode
20:17:12:308  INFO 34536 --- [main] .s.d.r.c.RepositoryConfigurationDelegate : Bootstrapping Spring Data Redis repositories in DEFAULT mode.
20:17:12:322  INFO 34536 --- [main] .s.d.r.c.RepositoryConfigurationDelegate : Finished Spring Data repository scanning in 5 ms. Found 0 Redis repository interfaces.
20:17:12:475  INFO 34536 --- [main] o.s.cloud.context.scope.GenericScope     : BeanFactory id=0e0fe00b-89f9-355f-89c6-de44b298471f
20:17:12:780  INFO 34536 --- [main] o.s.b.w.embedded.tomcat.TomcatWebServer  : Tomcat initialized with port(s): 8085 (http)
20:17:12:786  INFO 34536 --- [main] o.apache.catalina.core.StandardService   : Starting service [Tomcat]
20:17:12:786  INFO 34536 --- [main] org.apache.catalina.core.StandardEngine  : Starting Servlet engine: [Apache Tomcat/9.0.75]
20:17:12:903  INFO 34536 --- [main] o.a.c.c.C.[Tomcat].[localhost].[/]       : Initializing Spring embedded WebApplicationContext
20:17:12:903  INFO 34536 --- [main] w.s.c.ServletWebServerApplicationContext : Root WebApplicationContext: initialization completed in 1154 ms
20:17:13:028  INFO 34536 --- [main] o.s.c.openfeign.FeignClientFactoryBean   : For 'item-service' URL not provided. Will try picking an instance via load-balancing.
20:17:13:414  INFO 34536 --- [main] o.s.c.openfeign.FeignClientFactoryBean   : For 'cart-service' URL not provided. Will try picking an instance via load-balancing.
20:17:13:849  INFO 34536 --- [main] pertySourcedRequestMappingHandlerMapping : Mapped URL path [/v2/api-docs] onto method [springfox.documentation.swagger2.web.Swagger2ControllerWebMvc#getDocumentation(String, HttpServletRequest)]
20:17:14:316  INFO 34536 --- [main] com.alibaba.nacos.common.remote.client   : [RpcClientFactory] create a new rpc client of c4f03ce3-b317-4737-bc68-f3cab2594185
20:17:14:351  INFO 34536 --- [main] org.reflections.Reflections              : Reflections took 17 ms to scan 1 urls, producing 3 keys and 6 values 
20:17:14:369  INFO 34536 --- [main] org.reflections.Reflections              : Reflections took 9 ms to scan 1 urls, producing 4 keys and 9 values 
20:17:14:375  INFO 34536 --- [main] org.reflections.Reflections              : Reflections took 4 ms to scan 1 urls, producing 3 keys and 10 values 
20:17:14:377  WARN 34536 --- [main] org.reflections.Reflections              : given scan urls are empty. set urls in the configuration
20:17:14:381  INFO 34536 --- [main] org.reflections.Reflections              : Reflections took 4 ms to scan 1 urls, producing 1 keys and 5 values 
20:17:14:386  INFO 34536 --- [main] org.reflections.Reflections              : Reflections took 4 ms to scan 1 urls, producing 1 keys and 7 values 
20:17:14:391  INFO 34536 --- [main] org.reflections.Reflections              : Reflections took 3 ms to scan 1 urls, producing 2 keys and 8 values 
20:17:14:392  WARN 34536 --- [main] org.reflections.Reflections              : given scan urls are empty. set urls in the configuration
20:17:14:393  INFO 34536 --- [main] com.alibaba.nacos.common.remote.client   : [c4f03ce3-b317-4737-bc68-f3cab2594185] RpcClient init label, labels = {module=naming, source=sdk}
20:17:14:395  INFO 34536 --- [main] com.alibaba.nacos.common.remote.client   : [c4f03ce3-b317-4737-bc68-f3cab2594185] RpcClient init, ServerListFactory = com.alibaba.nacos.client.naming.core.ServerListManager
20:17:14:395  INFO 34536 --- [main] com.alibaba.nacos.common.remote.client   : [c4f03ce3-b317-4737-bc68-f3cab2594185] Registry connection listener to current client:com.alibaba.nacos.client.naming.remote.gprc.redo.NamingGrpcRedoService
20:17:14:395  INFO 34536 --- [main] com.alibaba.nacos.common.remote.client   : [c4f03ce3-b317-4737-bc68-f3cab2594185] Register server push request handler:com.alibaba.nacos.client.naming.remote.gprc.NamingPushRequestHandler
20:17:14:396  INFO 34536 --- [main] com.alibaba.nacos.common.remote.client   : [c4f03ce3-b317-4737-bc68-f3cab2594185] Try to connect to server on start up, server: {serverIp = '127.0.0.1', server main port = 8848}
20:17:15:102  INFO 34536 --- [main] com.alibaba.nacos.common.remote.client   : [c4f03ce3-b317-4737-bc68-f3cab2594185] Success to connect to server [127.0.0.1:8848] on start up, connectionId = 1789561034925_172.17.0.1_44688
20:17:15:103  INFO 34536 --- [com.alibaba.nacos.client.remote.worker] com.alibaba.nacos.common.remote.client   : [c4f03ce3-b317-4737-bc68-f3cab2594185] Notify connected event to listeners.
20:17:15:103  INFO 34536 --- [main] com.alibaba.nacos.common.remote.client   : [c4f03ce3-b317-4737-bc68-f3cab2594185] Register server push request handler:com.alibaba.nacos.common.remote.client.RpcClient$ConnectResetRequestHandler
20:17:15:103  INFO 34536 --- [main] com.alibaba.nacos.common.remote.client   : [c4f03ce3-b317-4737-bc68-f3cab2594185] Register server push request handler:com.alibaba.nacos.common.remote.client.RpcClient$$Lambda$1130/0x000001fb07886380
20:17:15:147  INFO 34536 --- [main] o.s.b.w.embedded.tomcat.TomcatWebServer  : Tomcat started on port(s): 8085 (http) with context path ''
20:17:15:159  INFO 34536 --- [main] c.a.c.n.registry.NacosServiceRegistry    : nacos registry, DEFAULT_GROUP user-service 192.168.1.46:8085 register finished
20:17:15:286  INFO 34536 --- [main] d.s.w.p.DocumentationPluginsBootstrapper : Documentation plugins bootstrapped
20:17:15:288  INFO 34536 --- [main] d.s.w.p.DocumentationPluginsBootstrapper : Found 1 custom documentation plugin(s)
20:17:15:302  INFO 34536 --- [main] s.d.s.w.s.ApiListingReferenceScanner     : Scanning for api listing references
20:17:15:310  INFO 34536 --- [main] com.hmall.trade.TradeApplication         : Started TradeApplication in 4.191 seconds (JVM running for 4.854)
20:17:15:655  INFO 34536 --- [nacos-grpc-client-executor-9] com.alibaba.nacos.common.remote.client   : [c4f03ce3-b317-4737-bc68-f3cab2594185] Receive server push request, request = NotifySubscriberRequest, requestId = 50
20:17:15:664  INFO 34536 --- [nacos-grpc-client-executor-9] com.alibaba.nacos.common.remote.client   : [c4f03ce3-b317-4737-bc68-f3cab2594185] Ack server push request, request = NotifySubscriberRequest, requestId = 50
20:17:34:924  INFO 34536 --- [http-nio-8085-exec-1] o.a.c.c.C.[Tomcat].[localhost].[/]       : Initializing Spring DispatcherServlet 'dispatcherServlet'
20:17:34:924  INFO 34536 --- [http-nio-8085-exec-1] o.s.web.servlet.DispatcherServlet        : Initializing Servlet 'dispatcherServlet'
20:17:34:925  INFO 34536 --- [http-nio-8085-exec-1] o.s.web.servlet.DispatcherServlet        : Completed initialization in 0 ms
20:18:34:070  WARN 34536 --- [Thread-4] c.a.nacos.common.notify.NotifyCenter     : [NotifyCenter] Start destroying Publisher
20:18:34:070  WARN 34536 --- [Thread-7] c.a.n.common.http.HttpClientBeanHolder   : [HttpClientBeanHolder] Start destroying common HttpClient
20:18:34:070  WARN 34536 --- [Thread-4] c.a.nacos.common.notify.NotifyCenter     : [NotifyCenter] Destruction of the end
20:18:34:071  WARN 34536 --- [Thread-7] c.a.n.common.http.HttpClientBeanHolder   : [HttpClientBeanHolder] Destruction of the end
20:18:34:104  INFO 34536 --- [SpringApplicationShutdownHook] c.a.c.n.registry.NacosServiceRegistry    : De-registering from Nacos Server now...
20:18:34:111  INFO 34536 --- [SpringApplicationShutdownHook] c.a.c.n.registry.NacosServiceRegistry    : De-registration finished.
20:18:34:440  INFO 34536 --- [SpringApplicationShutdownHook] com.alibaba.nacos.common.remote.client   : Shutdown rpc client, set status to shutdown
20:18:34:440  INFO 34536 --- [SpringApplicationShutdownHook] com.alibaba.nacos.common.remote.client   : Shutdown client event executor java.util.concurrent.ScheduledThreadPoolExecutor@73182794[Running, pool size = 2, active threads = 2, queued tasks = 0, completed tasks = 0]
20:18:34:440  INFO 34536 --- [SpringApplicationShutdownHook] com.alibaba.nacos.common.remote.client   : Close current connection 1789561034925_172.17.0.1_44688
20:18:34:445  INFO 34536 --- [SpringApplicationShutdownHook] c.a.n.c.remote.client.grpc.GrpcClient    : Shutdown grpc executor java.util.concurrent.ThreadPoolExecutor@626e491e[Running, pool size = 5, active threads = 0, queued tasks = 0, completed tasks = 33]
20:18:39:035  INFO 27776 --- [main] com.hmall.trade.TradeApplication         : Starting TradeApplication using Java 17.0.19 on Perth with PID 27776 (D:\Major\Projects\SpringCloud_hm\hmall\trade-service\target\classes started by 29648 in D:\Major\Projects\SpringCloud_hm\hmall)
20:18:39:037 DEBUG 27776 --- [main] com.hmall.trade.TradeApplication         : Running with Spring Boot v2.7.12, Spring v5.3.27
20:18:39:037  INFO 27776 --- [main] com.hmall.trade.TradeApplication         : The following 1 profile is active: "local"
20:18:39:579  INFO 27776 --- [main] .s.d.r.c.RepositoryConfigurationDelegate : Multiple Spring Data modules found, entering strict repository configuration mode
20:18:39:580  INFO 27776 --- [main] .s.d.r.c.RepositoryConfigurationDelegate : Bootstrapping Spring Data Redis repositories in DEFAULT mode.
20:18:39:593  INFO 27776 --- [main] .s.d.r.c.RepositoryConfigurationDelegate : Finished Spring Data repository scanning in 5 ms. Found 0 Redis repository interfaces.
20:18:39:730  INFO 27776 --- [main] o.s.cloud.context.scope.GenericScope     : BeanFactory id=0e0fe00b-89f9-355f-89c6-de44b298471f
20:18:40:008  INFO 27776 --- [main] o.s.b.w.embedded.tomcat.TomcatWebServer  : Tomcat initialized with port(s): 8085 (http)
20:18:40:014  INFO 27776 --- [main] o.apache.catalina.core.StandardService   : Starting service [Tomcat]
20:18:40:014  INFO 27776 --- [main] org.apache.catalina.core.StandardEngine  : Starting Servlet engine: [Apache Tomcat/9.0.75]
20:18:40:129  INFO 27776 --- [main] o.a.c.c.C.[Tomcat].[localhost].[/]       : Initializing Spring embedded WebApplicationContext
20:18:40:129  INFO 27776 --- [main] w.s.c.ServletWebServerApplicationContext : Root WebApplicationContext: initialization completed in 1060 ms
20:18:40:253  INFO 27776 --- [main] o.s.c.openfeign.FeignClientFactoryBean   : For 'item-service' URL not provided. Will try picking an instance via load-balancing.
20:18:40:695  INFO 27776 --- [main] o.s.c.openfeign.FeignClientFactoryBean   : For 'cart-service' URL not provided. Will try picking an instance via load-balancing.
20:18:41:105  INFO 27776 --- [main] pertySourcedRequestMappingHandlerMapping : Mapped URL path [/v2/api-docs] onto method [springfox.documentation.swagger2.web.Swagger2ControllerWebMvc#getDocumentation(String, HttpServletRequest)]
20:18:41:554  INFO 27776 --- [main] com.alibaba.nacos.common.remote.client   : [RpcClientFactory] create a new rpc client of 6bc3cd04-5023-478f-adca-318956b9731d
20:18:41:590  INFO 27776 --- [main] org.reflections.Reflections              : Reflections took 20 ms to scan 1 urls, producing 3 keys and 6 values 
20:18:41:605  INFO 27776 --- [main] org.reflections.Reflections              : Reflections took 5 ms to scan 1 urls, producing 4 keys and 9 values 
20:18:41:610  INFO 27776 --- [main] org.reflections.Reflections              : Reflections took 4 ms to scan 1 urls, producing 3 keys and 10 values 
20:18:41:611  WARN 27776 --- [main] org.reflections.Reflections              : given scan urls are empty. set urls in the configuration
20:18:41:615  INFO 27776 --- [main] org.reflections.Reflections              : Reflections took 4 ms to scan 1 urls, producing 1 keys and 5 values 
20:18:41:619  INFO 27776 --- [main] org.reflections.Reflections              : Reflections took 4 ms to scan 1 urls, producing 1 keys and 7 values 
20:18:41:624  INFO 27776 --- [main] org.reflections.Reflections              : Reflections took 4 ms to scan 1 urls, producing 2 keys and 8 values 
20:18:41:625  WARN 27776 --- [main] org.reflections.Reflections              : given scan urls are empty. set urls in the configuration
20:18:41:626  INFO 27776 --- [main] com.alibaba.nacos.common.remote.client   : [6bc3cd04-5023-478f-adca-318956b9731d] RpcClient init label, labels = {module=naming, source=sdk}
20:18:41:627  INFO 27776 --- [main] com.alibaba.nacos.common.remote.client   : [6bc3cd04-5023-478f-adca-318956b9731d] RpcClient init, ServerListFactory = com.alibaba.nacos.client.naming.core.ServerListManager
20:18:41:627  INFO 27776 --- [main] com.alibaba.nacos.common.remote.client   : [6bc3cd04-5023-478f-adca-318956b9731d] Registry connection listener to current client:com.alibaba.nacos.client.naming.remote.gprc.redo.NamingGrpcRedoService
20:18:41:628  INFO 27776 --- [main] com.alibaba.nacos.common.remote.client   : [6bc3cd04-5023-478f-adca-318956b9731d] Register server push request handler:com.alibaba.nacos.client.naming.remote.gprc.NamingPushRequestHandler
20:18:41:629  INFO 27776 --- [main] com.alibaba.nacos.common.remote.client   : [6bc3cd04-5023-478f-adca-318956b9731d] Try to connect to server on start up, server: {serverIp = '127.0.0.1', server main port = 8848}
20:18:42:304  INFO 27776 --- [main] com.alibaba.nacos.common.remote.client   : [6bc3cd04-5023-478f-adca-318956b9731d] Success to connect to server [127.0.0.1:8848] on start up, connectionId = 1789561122131_172.17.0.1_54018
20:18:42:304  INFO 27776 --- [com.alibaba.nacos.client.remote.worker] com.alibaba.nacos.common.remote.client   : [6bc3cd04-5023-478f-adca-318956b9731d] Notify connected event to listeners.
20:18:42:305  INFO 27776 --- [main] com.alibaba.nacos.common.remote.client   : [6bc3cd04-5023-478f-adca-318956b9731d] Register server push request handler:com.alibaba.nacos.common.remote.client.RpcClient$ConnectResetRequestHandler
20:18:42:305  INFO 27776 --- [main] com.alibaba.nacos.common.remote.client   : [6bc3cd04-5023-478f-adca-318956b9731d] Register server push request handler:com.alibaba.nacos.common.remote.client.RpcClient$$Lambda$1130/0x0000020eb6877cd0
20:18:42:344  INFO 27776 --- [main] o.s.b.w.embedded.tomcat.TomcatWebServer  : Tomcat started on port(s): 8085 (http) with context path ''
20:18:42:353  INFO 27776 --- [main] c.a.c.n.registry.NacosServiceRegistry    : nacos registry, DEFAULT_GROUP user-service 192.168.1.46:8085 register finished
20:18:42:477  INFO 27776 --- [main] d.s.w.p.DocumentationPluginsBootstrapper : Documentation plugins bootstrapped
20:18:42:479  INFO 27776 --- [main] d.s.w.p.DocumentationPluginsBootstrapper : Found 1 custom documentation plugin(s)
20:18:42:492  INFO 27776 --- [main] s.d.s.w.s.ApiListingReferenceScanner     : Scanning for api listing references
20:18:42:499  INFO 27776 --- [main] com.hmall.trade.TradeApplication         : Started TradeApplication in 3.969 seconds (JVM running for 4.443)
20:18:42:895  INFO 27776 --- [nacos-grpc-client-executor-11] com.alibaba.nacos.common.remote.client   : [6bc3cd04-5023-478f-adca-318956b9731d] Receive server push request, request = NotifySubscriberRequest, requestId = 51
20:18:42:903  INFO 27776 --- [nacos-grpc-client-executor-11] com.alibaba.nacos.common.remote.client   : [6bc3cd04-5023-478f-adca-318956b9731d] Ack server push request, request = NotifySubscriberRequest, requestId = 51
20:18:57:831  INFO 27776 --- [http-nio-8085-exec-2] o.a.c.c.C.[Tomcat].[localhost].[/]       : Initializing Spring DispatcherServlet 'dispatcherServlet'
20:18:57:831  INFO 27776 --- [http-nio-8085-exec-2] o.s.web.servlet.DispatcherServlet        : Initializing Servlet 'dispatcherServlet'
20:18:57:838  INFO 27776 --- [http-nio-8085-exec-2] o.s.web.servlet.DispatcherServlet        : Completed initialization in 6 ms
20:20:53:487  WARN 27776 --- [Thread-7] c.a.n.common.http.HttpClientBeanHolder   : [HttpClientBeanHolder] Start destroying common HttpClient
20:20:53:487  WARN 27776 --- [Thread-4] c.a.nacos.common.notify.NotifyCenter     : [NotifyCenter] Start destroying Publisher
20:20:53:487  WARN 27776 --- [Thread-4] c.a.nacos.common.notify.NotifyCenter     : [NotifyCenter] Destruction of the end
20:20:53:488  WARN 27776 --- [Thread-7] c.a.n.common.http.HttpClientBeanHolder   : [HttpClientBeanHolder] Destruction of the end
20:20:53:521  INFO 27776 --- [SpringApplicationShutdownHook] c.a.c.n.registry.NacosServiceRegistry    : De-registering from Nacos Server now...
20:20:53:527  INFO 27776 --- [SpringApplicationShutdownHook] c.a.c.n.registry.NacosServiceRegistry    : De-registration finished.
20:20:53:853  INFO 27776 --- [SpringApplicationShutdownHook] com.alibaba.nacos.common.remote.client   : Shutdown rpc client, set status to shutdown
20:20:53:854  INFO 27776 --- [SpringApplicationShutdownHook] com.alibaba.nacos.common.remote.client   : Shutdown client event executor java.util.concurrent.ScheduledThreadPoolExecutor@3e5776a0[Running, pool size = 2, active threads = 2, queued tasks = 0, completed tasks = 0]
20:20:53:854  INFO 27776 --- [SpringApplicationShutdownHook] com.alibaba.nacos.common.remote.client   : Close current connection 1789561122131_172.17.0.1_54018
20:20:53:859  INFO 27776 --- [SpringApplicationShutdownHook] c.a.n.c.remote.client.grpc.GrpcClient    : Shutdown grpc executor java.util.concurrent.ThreadPoolExecutor@7b231bef[Running, pool size = 3, active threads = 0, queued tasks = 0, completed tasks = 44]
20:21:39:571  INFO 9852 --- [main] com.hmall.trade.TradeApplication         : Starting TradeApplication using Java 17.0.19 on Perth with PID 9852 (D:\Major\Projects\SpringCloud_hm\hmall\trade-service\target\classes started by 29648 in D:\Major\Projects\SpringCloud_hm\hmall)
20:21:39:573 DEBUG 9852 --- [main] com.hmall.trade.TradeApplication         : Running with Spring Boot v2.7.12, Spring v5.3.27
20:21:39:573  INFO 9852 --- [main] com.hmall.trade.TradeApplication         : The following 1 profile is active: "local"
20:21:40:134  INFO 9852 --- [main] .s.d.r.c.RepositoryConfigurationDelegate : Multiple Spring Data modules found, entering strict repository configuration mode
20:21:40:136  INFO 9852 --- [main] .s.d.r.c.RepositoryConfigurationDelegate : Bootstrapping Spring Data Redis repositories in DEFAULT mode.
20:21:40:150  INFO 9852 --- [main] .s.d.r.c.RepositoryConfigurationDelegate : Finished Spring Data repository scanning in 5 ms. Found 0 Redis repository interfaces.
20:21:40:286  INFO 9852 --- [main] o.s.cloud.context.scope.GenericScope     : BeanFactory id=0e0fe00b-89f9-355f-89c6-de44b298471f
20:21:40:582  INFO 9852 --- [main] o.s.b.w.embedded.tomcat.TomcatWebServer  : Tomcat initialized with port(s): 8085 (http)
20:21:40:588  INFO 9852 --- [main] o.apache.catalina.core.StandardService   : Starting service [Tomcat]
20:21:40:588  INFO 9852 --- [main] org.apache.catalina.core.StandardEngine  : Starting Servlet engine: [Apache Tomcat/9.0.75]
20:21:40:715  INFO 9852 --- [main] o.a.c.c.C.[Tomcat].[localhost].[/]       : Initializing Spring embedded WebApplicationContext
20:21:40:715  INFO 9852 --- [main] w.s.c.ServletWebServerApplicationContext : Root WebApplicationContext: initialization completed in 1108 ms
20:21:40:859  INFO 9852 --- [main] o.s.c.openfeign.FeignClientFactoryBean   : For 'item-service' URL not provided. Will try picking an instance via load-balancing.
20:21:41:214  INFO 9852 --- [main] o.s.c.openfeign.FeignClientFactoryBean   : For 'cart-service' URL not provided. Will try picking an instance via load-balancing.
20:21:41:624  INFO 9852 --- [main] pertySourcedRequestMappingHandlerMapping : Mapped URL path [/v2/api-docs] onto method [springfox.documentation.swagger2.web.Swagger2ControllerWebMvc#getDocumentation(String, HttpServletRequest)]
20:21:42:085  INFO 9852 --- [main] com.alibaba.nacos.common.remote.client   : [RpcClientFactory] create a new rpc client of 954dd3b5-320a-4b89-a565-428843a646d5
20:21:42:121  INFO 9852 --- [main] org.reflections.Reflections              : Reflections took 16 ms to scan 1 urls, producing 3 keys and 6 values 
20:21:42:141  INFO 9852 --- [main] org.reflections.Reflections              : Reflections took 9 ms to scan 1 urls, producing 4 keys and 9 values 
20:21:42:147  INFO 9852 --- [main] org.reflections.Reflections              : Reflections took 4 ms to scan 1 urls, producing 3 keys and 10 values 
20:21:42:148  WARN 9852 --- [main] org.reflections.Reflections              : given scan urls are empty. set urls in the configuration
20:21:42:153  INFO 9852 --- [main] org.reflections.Reflections              : Reflections took 5 ms to scan 1 urls, producing 1 keys and 5 values 
20:21:42:159  INFO 9852 --- [main] org.reflections.Reflections              : Reflections took 4 ms to scan 1 urls, producing 1 keys and 7 values 
20:21:42:164  INFO 9852 --- [main] org.reflections.Reflections              : Reflections took 4 ms to scan 1 urls, producing 2 keys and 8 values 
20:21:42:165  WARN 9852 --- [main] org.reflections.Reflections              : given scan urls are empty. set urls in the configuration
20:21:42:166  INFO 9852 --- [main] com.alibaba.nacos.common.remote.client   : [954dd3b5-320a-4b89-a565-428843a646d5] RpcClient init label, labels = {module=naming, source=sdk}
20:21:42:168  INFO 9852 --- [main] com.alibaba.nacos.common.remote.client   : [954dd3b5-320a-4b89-a565-428843a646d5] RpcClient init, ServerListFactory = com.alibaba.nacos.client.naming.core.ServerListManager
20:21:42:168  INFO 9852 --- [main] com.alibaba.nacos.common.remote.client   : [954dd3b5-320a-4b89-a565-428843a646d5] Registry connection listener to current client:com.alibaba.nacos.client.naming.remote.gprc.redo.NamingGrpcRedoService
20:21:42:168  INFO 9852 --- [main] com.alibaba.nacos.common.remote.client   : [954dd3b5-320a-4b89-a565-428843a646d5] Register server push request handler:com.alibaba.nacos.client.naming.remote.gprc.NamingPushRequestHandler
20:21:42:169  INFO 9852 --- [main] com.alibaba.nacos.common.remote.client   : [954dd3b5-320a-4b89-a565-428843a646d5] Try to connect to server on start up, server: {serverIp = '127.0.0.1', server main port = 8848}
20:21:42:948  INFO 9852 --- [main] com.alibaba.nacos.common.remote.client   : [954dd3b5-320a-4b89-a565-428843a646d5] Success to connect to server [127.0.0.1:8848] on start up, connectionId = 1789561302760_172.17.0.1_60778
20:21:42:948  INFO 9852 --- [com.alibaba.nacos.client.remote.worker] com.alibaba.nacos.common.remote.client   : [954dd3b5-320a-4b89-a565-428843a646d5] Notify connected event to listeners.
20:21:42:948  INFO 9852 --- [main] com.alibaba.nacos.common.remote.client   : [954dd3b5-320a-4b89-a565-428843a646d5] Register server push request handler:com.alibaba.nacos.common.remote.client.RpcClient$ConnectResetRequestHandler
20:21:42:949  INFO 9852 --- [main] com.alibaba.nacos.common.remote.client   : [954dd3b5-320a-4b89-a565-428843a646d5] Register server push request handler:com.alibaba.nacos.common.remote.client.RpcClient$$Lambda$1130/0x000001ee01878b18
20:21:42:994  INFO 9852 --- [main] o.s.b.w.embedded.tomcat.TomcatWebServer  : Tomcat started on port(s): 8085 (http) with context path ''
20:21:43:005  INFO 9852 --- [main] c.a.c.n.registry.NacosServiceRegistry    : nacos registry, DEFAULT_GROUP user-service 192.168.1.46:8085 register finished
20:21:43:127  INFO 9852 --- [main] d.s.w.p.DocumentationPluginsBootstrapper : Documentation plugins bootstrapped
20:21:43:128  INFO 9852 --- [main] d.s.w.p.DocumentationPluginsBootstrapper : Found 1 custom documentation plugin(s)
20:21:43:142  INFO 9852 --- [main] s.d.s.w.s.ApiListingReferenceScanner     : Scanning for api listing references
20:21:43:149  INFO 9852 --- [main] com.hmall.trade.TradeApplication         : Started TradeApplication in 4.11 seconds (JVM running for 4.594)
20:21:43:513  INFO 9852 --- [nacos-grpc-client-executor-9] com.alibaba.nacos.common.remote.client   : [954dd3b5-320a-4b89-a565-428843a646d5] Receive server push request, request = NotifySubscriberRequest, requestId = 52
20:21:43:519  INFO 9852 --- [nacos-grpc-client-executor-9] com.alibaba.nacos.common.remote.client   : [954dd3b5-320a-4b89-a565-428843a646d5] Ack server push request, request = NotifySubscriberRequest, requestId = 52
20:22:29:937  WARN 9852 --- [Thread-4] c.a.nacos.common.notify.NotifyCenter     : [NotifyCenter] Start destroying Publisher
20:22:29:937  WARN 9852 --- [Thread-7] c.a.n.common.http.HttpClientBeanHolder   : [HttpClientBeanHolder] Start destroying common HttpClient
20:22:29:937  WARN 9852 --- [Thread-4] c.a.nacos.common.notify.NotifyCenter     : [NotifyCenter] Destruction of the end
20:22:29:938  WARN 9852 --- [Thread-7] c.a.n.common.http.HttpClientBeanHolder   : [HttpClientBeanHolder] Destruction of the end
20:22:29:973  INFO 9852 --- [SpringApplicationShutdownHook] c.a.c.n.registry.NacosServiceRegistry    : De-registering from Nacos Server now...
20:22:29:979  INFO 9852 --- [SpringApplicationShutdownHook] c.a.c.n.registry.NacosServiceRegistry    : De-registration finished.
20:22:30:310  INFO 9852 --- [SpringApplicationShutdownHook] com.alibaba.nacos.common.remote.client   : Shutdown rpc client, set status to shutdown
20:22:30:311  INFO 9852 --- [SpringApplicationShutdownHook] com.alibaba.nacos.common.remote.client   : Shutdown client event executor java.util.concurrent.ScheduledThreadPoolExecutor@69869667[Running, pool size = 2, active threads = 2, queued tasks = 0, completed tasks = 0]
20:22:30:311  INFO 9852 --- [SpringApplicationShutdownHook] com.alibaba.nacos.common.remote.client   : Close current connection 1789561302760_172.17.0.1_60778
20:22:30:315  INFO 9852 --- [SpringApplicationShutdownHook] c.a.n.c.remote.client.grpc.GrpcClient    : Shutdown grpc executor java.util.concurrent.ThreadPoolExecutor@67dc6431[Running, pool size = 4, active threads = 0, queued tasks = 0, completed tasks = 23]
20:22:32:357  INFO 29964 --- [main] com.hmall.trade.TradeApplication         : Starting TradeApplication using Java 17.0.19 on Perth with PID 29964 (D:\Major\Projects\SpringCloud_hm\hmall\trade-service\target\classes started by 29648 in D:\Major\Projects\SpringCloud_hm\hmall)
20:22:32:358 DEBUG 29964 --- [main] com.hmall.trade.TradeApplication         : Running with Spring Boot v2.7.12, Spring v5.3.27
20:22:32:359  INFO 29964 --- [main] com.hmall.trade.TradeApplication         : The following 1 profile is active: "local"
20:22:32:896  INFO 29964 --- [main] .s.d.r.c.RepositoryConfigurationDelegate : Multiple Spring Data modules found, entering strict repository configuration mode
20:22:32:897  INFO 29964 --- [main] .s.d.r.c.RepositoryConfigurationDelegate : Bootstrapping Spring Data Redis repositories in DEFAULT mode.
20:22:32:911  INFO 29964 --- [main] .s.d.r.c.RepositoryConfigurationDelegate : Finished Spring Data repository scanning in 5 ms. Found 0 Redis repository interfaces.
20:22:33:047  INFO 29964 --- [main] o.s.cloud.context.scope.GenericScope     : BeanFactory id=0e0fe00b-89f9-355f-89c6-de44b298471f
20:22:33:327  INFO 29964 --- [main] o.s.b.w.embedded.tomcat.TomcatWebServer  : Tomcat initialized with port(s): 8085 (http)
20:22:33:333  INFO 29964 --- [main] o.apache.catalina.core.StandardService   : Starting service [Tomcat]
20:22:33:333  INFO 29964 --- [main] org.apache.catalina.core.StandardEngine  : Starting Servlet engine: [Apache Tomcat/9.0.75]
20:22:33:447  INFO 29964 --- [main] o.a.c.c.C.[Tomcat].[localhost].[/]       : Initializing Spring embedded WebApplicationContext
20:22:33:447  INFO 29964 --- [main] w.s.c.ServletWebServerApplicationContext : Root WebApplicationContext: initialization completed in 1059 ms
20:22:33:571  INFO 29964 --- [main] o.s.c.openfeign.FeignClientFactoryBean   : For 'item-service' URL not provided. Will try picking an instance via load-balancing.
20:22:33:914  INFO 29964 --- [main] o.s.c.openfeign.FeignClientFactoryBean   : For 'cart-service' URL not provided. Will try picking an instance via load-balancing.
20:22:34:328  INFO 29964 --- [main] pertySourcedRequestMappingHandlerMapping : Mapped URL path [/v2/api-docs] onto method [springfox.documentation.swagger2.web.Swagger2ControllerWebMvc#getDocumentation(String, HttpServletRequest)]
20:22:34:779  INFO 29964 --- [main] com.alibaba.nacos.common.remote.client   : [RpcClientFactory] create a new rpc client of cf6b0d09-0546-4cf7-805d-c6803976e7f8
20:22:34:815  INFO 29964 --- [main] org.reflections.Reflections              : Reflections took 17 ms to scan 1 urls, producing 3 keys and 6 values 
20:22:34:830  INFO 29964 --- [main] org.reflections.Reflections              : Reflections took 6 ms to scan 1 urls, producing 4 keys and 9 values 
20:22:34:837  INFO 29964 --- [main] org.reflections.Reflections              : Reflections took 5 ms to scan 1 urls, producing 3 keys and 10 values 
20:22:34:838  WARN 29964 --- [main] org.reflections.Reflections              : given scan urls are empty. set urls in the configuration
20:22:34:842  INFO 29964 --- [main] org.reflections.Reflections              : Reflections took 3 ms to scan 1 urls, producing 1 keys and 5 values 
20:22:34:852  INFO 29964 --- [main] org.reflections.Reflections              : Reflections took 8 ms to scan 1 urls, producing 1 keys and 7 values 
20:22:34:858  INFO 29964 --- [main] org.reflections.Reflections              : Reflections took 3 ms to scan 1 urls, producing 2 keys and 8 values 
20:22:34:859  WARN 29964 --- [main] org.reflections.Reflections              : given scan urls are empty. set urls in the configuration
20:22:34:860  INFO 29964 --- [main] com.alibaba.nacos.common.remote.client   : [cf6b0d09-0546-4cf7-805d-c6803976e7f8] RpcClient init label, labels = {module=naming, source=sdk}
20:22:34:861  INFO 29964 --- [main] com.alibaba.nacos.common.remote.client   : [cf6b0d09-0546-4cf7-805d-c6803976e7f8] RpcClient init, ServerListFactory = com.alibaba.nacos.client.naming.core.ServerListManager
20:22:34:861  INFO 29964 --- [main] com.alibaba.nacos.common.remote.client   : [cf6b0d09-0546-4cf7-805d-c6803976e7f8] Registry connection listener to current client:com.alibaba.nacos.client.naming.remote.gprc.redo.NamingGrpcRedoService
20:22:34:862  INFO 29964 --- [main] com.alibaba.nacos.common.remote.client   : [cf6b0d09-0546-4cf7-805d-c6803976e7f8] Register server push request handler:com.alibaba.nacos.client.naming.remote.gprc.NamingPushRequestHandler
20:22:34:863  INFO 29964 --- [main] com.alibaba.nacos.common.remote.client   : [cf6b0d09-0546-4cf7-805d-c6803976e7f8] Try to connect to server on start up, server: {serverIp = '127.0.0.1', server main port = 8848}
20:22:35:585  INFO 29964 --- [main] com.alibaba.nacos.common.remote.client   : [cf6b0d09-0546-4cf7-805d-c6803976e7f8] Success to connect to server [127.0.0.1:8848] on start up, connectionId = 1789561355403_172.17.0.1_52424
20:22:35:585  INFO 29964 --- [com.alibaba.nacos.client.remote.worker] com.alibaba.nacos.common.remote.client   : [cf6b0d09-0546-4cf7-805d-c6803976e7f8] Notify connected event to listeners.
20:22:35:585  INFO 29964 --- [main] com.alibaba.nacos.common.remote.client   : [cf6b0d09-0546-4cf7-805d-c6803976e7f8] Register server push request handler:com.alibaba.nacos.common.remote.client.RpcClient$ConnectResetRequestHandler
20:22:35:586  INFO 29964 --- [main] com.alibaba.nacos.common.remote.client   : [cf6b0d09-0546-4cf7-805d-c6803976e7f8] Register server push request handler:com.alibaba.nacos.common.remote.client.RpcClient$$Lambda$1130/0x000001c681877ac0
20:22:35:626  INFO 29964 --- [main] o.s.b.w.embedded.tomcat.TomcatWebServer  : Tomcat started on port(s): 8085 (http) with context path ''
20:22:35:637  INFO 29964 --- [main] c.a.c.n.registry.NacosServiceRegistry    : nacos registry, DEFAULT_GROUP user-service 192.168.1.46:8085 register finished
20:22:35:765  INFO 29964 --- [main] d.s.w.p.DocumentationPluginsBootstrapper : Documentation plugins bootstrapped
20:22:35:767  INFO 29964 --- [main] d.s.w.p.DocumentationPluginsBootstrapper : Found 1 custom documentation plugin(s)
20:22:35:783  INFO 29964 --- [main] s.d.s.w.s.ApiListingReferenceScanner     : Scanning for api listing references
20:22:35:851  INFO 29964 --- [main] com.hmall.trade.TradeApplication         : Started TradeApplication in 3.971 seconds (JVM running for 4.445)
20:22:36:013  INFO 29964 --- [nacos-grpc-client-executor-9] com.alibaba.nacos.common.remote.client   : [cf6b0d09-0546-4cf7-805d-c6803976e7f8] Receive server push request, request = NotifySubscriberRequest, requestId = 54
20:22:36:023  INFO 29964 --- [nacos-grpc-client-executor-9] com.alibaba.nacos.common.remote.client   : [cf6b0d09-0546-4cf7-805d-c6803976e7f8] Ack server push request, request = NotifySubscriberRequest, requestId = 54
20:22:39:067  INFO 29964 --- [http-nio-8085-exec-1] o.a.c.c.C.[Tomcat].[localhost].[/]       : Initializing Spring DispatcherServlet 'dispatcherServlet'
20:22:39:067  INFO 29964 --- [http-nio-8085-exec-1] o.s.web.servlet.DispatcherServlet        : Initializing Servlet 'dispatcherServlet'
20:22:39:069  INFO 29964 --- [http-nio-8085-exec-1] o.s.web.servlet.DispatcherServlet        : Completed initialization in 1 ms
20:23:36:815  INFO 29964 --- [http-nio-8085-exec-4] com.zaxxer.hikari.HikariDataSource       : HikariPool-1 - Starting...
20:23:37:140  INFO 29964 --- [http-nio-8085-exec-4] com.zaxxer.hikari.HikariDataSource       : HikariPool-1 - Start completed.
20:23:37:150 DEBUG 29964 --- [http-nio-8085-exec-4] c.h.trade.mapper.OrderMapper.selectById  : ==>  Preparing: SELECT id,total_fee,payment_type,user_id,status,create_time,pay_time,consign_time,end_time,close_time,comment_time,update_time FROM `order` WHERE id=?
20:23:37:181 DEBUG 29964 --- [http-nio-8085-exec-4] c.h.trade.mapper.OrderMapper.selectById  : ==> Parameters: 1654779387523936258(Long)
20:23:37:220 DEBUG 29964 --- [http-nio-8085-exec-4] c.h.trade.mapper.OrderMapper.selectById  : <==      Total: 1
